Component: ARM Compiler 5.06 update 5 (build 528) Tool: armlink [4d35e2]

==============================================================================

Section Cross References

    startup_stm32f303x8.o(RESET) refers to startup_stm32f303x8.o(STACK) for __initial_sp
    startup_stm32f303x8.o(RESET) refers to startup_stm32f303x8.o(.text) for Reset_Handler
    startup_stm32f303x8.o(RESET) refers to stm32f3xx_it.o(i.NMI_Handler) for NMI_Handler
    startup_stm32f303x8.o(RESET) refers to stm32f3xx_it.o(i.HardFault_Handler) for HardFault_Handler
    startup_stm32f303x8.o(RESET) refers to stm32f3xx_it.o(i.MemManage_Handler) for MemManage_Handler
    startup_stm32f303x8.o(RESET) refers to stm32f3xx_it.o(i.BusFault_Handler) for BusFault_Handler
    startup_stm32f303x8.o(RESET) refers to stm32f3xx_it.o(i.UsageFault_Handler) for UsageFault_Handler
    startup_stm32f303x8.o(RESET) refers to stm32f3xx_it.o(i.SVC_Handler) for SVC_Handler
    startup_stm32f303x8.o(RESET) refers to stm32f3xx_it.o(i.DebugMon_Handler) for DebugMon_Handler
    startup_stm32f303x8.o(RESET) refers to stm32f3xx_it.o(i.PendSV_Handler) for PendSV_Handler
    startup_stm32f303x8.o(RESET) refers to stm32f3xx_it.o(i.SysTick_Handler) for SysTick_Handler
    startup_stm32f303x8.o(RESET) refers to stm32f3xx_it.o(i.TIM2_IRQHandler) for TIM2_IRQHandler
    startup_stm32f303x8.o(.text) refers to system_stm32f3xx.o(i.SystemInit) for SystemInit
    startup_stm32f303x8.o(.text) refers to entry.o(.ARM.Collect$$$$00000000) for __main
    main.o(i.SystemClock_Config) refers to memseta.o(.text) for __aeabi_memclr4
    main.o(i.SystemClock_Config) refers to stm32f3xx_hal_rcc.o(i.HAL_RCC_OscConfig) for HAL_RCC_OscConfig
    main.o(i.SystemClock_Config) refers to stm32f3xx_hal_rcc.o(i.HAL_RCC_ClockConfig) for HAL_RCC_ClockConfig
    main.o(i.getCurrentMicros) refers to stm32f3xx_hal.o(i.HAL_GetTick) for HAL_GetTick
    main.o(i.main) refers to scanf_fp.o(.text) for _scanf_real
    main.o(i.main) refers to _scanf_int.o(.text) for _scanf_int
    main.o(i.main) refers to stm32f3xx_hal.o(i.HAL_Init) for HAL_Init
    main.o(i.main) refers to main.o(i.SystemClock_Config) for SystemClock_Config
    main.o(i.main) refers to gpio.o(i.MX_GPIO_Init) for MX_GPIO_Init
    main.o(i.main) refers to crc.o(i.MX_CRC_Init) for MX_CRC_Init
    main.o(i.main) refers to usart.o(i.MX_USART2_UART_Init) for MX_USART2_UART_Init
    main.o(i.main) refers to tim.o(i.MX_TIM2_Init) for MX_TIM2_Init
    main.o(i.main) refers to printfa.o(i.__0printf) for __2printf
    main.o(i.main) refers to __0scanf.o(.text) for __0scanf
    main.o(i.main) refers to stm32f3xx_hal.o(i.HAL_Delay) for HAL_Delay
    main.o(i.main) refers to main.o(i.getCurrentMicros) for getCurrentMicros
    main.o(i.main) refers to dfltui.o(.text) for __aeabi_ui2d
    main.o(i.main) refers to dadd.o(.text) for __aeabi_dsub
    main.o(i.main) refers to ddiv.o(.text) for __aeabi_ddiv
    main.o(i.main) refers to main.o(.bss) for .bss
    main.o(i.main) refers to main.o(.data) for .data
    crc.o(i.MX_CRC_Init) refers to stm32f3xx_hal_crc.o(i.HAL_CRC_Init) for HAL_CRC_Init
    crc.o(i.MX_CRC_Init) refers to main.o(i.Error_Handler) for Error_Handler
    crc.o(i.MX_CRC_Init) refers to crc.o(.bss) for .bss
    tim.o(i.MX_TIM2_Init) refers to memseta.o(.text) for __aeabi_memclr4
    tim.o(i.MX_TIM2_Init) refers to stm32f3xx_ll_tim.o(i.LL_TIM_Init) for LL_TIM_Init
    usart.o(i.HAL_UART_MspDeInit) refers to stm32f3xx_hal_gpio.o(i.HAL_GPIO_DeInit) for HAL_GPIO_DeInit
    usart.o(i.HAL_UART_MspInit) refers to memseta.o(.text) for __aeabi_memclr4
    usart.o(i.HAL_UART_MspInit) refers to stm32f3xx_hal_gpio.o(i.HAL_GPIO_Init) for HAL_GPIO_Init
    usart.o(i.MX_USART2_UART_Init) refers to stm32f3xx_hal_uart.o(i.HAL_UART_Init) for HAL_UART_Init
    usart.o(i.MX_USART2_UART_Init) refers to main.o(i.Error_Handler) for Error_Handler
    usart.o(i.MX_USART2_UART_Init) refers to usart.o(.bss) for .bss
    usart.o(i.fgetc) refers to stm32f3xx_hal_uart.o(i.HAL_UART_Receive) for HAL_UART_Receive
    usart.o(i.fgetc) refers to usart.o(.bss) for .bss
    usart.o(i.fputc) refers to stm32f3xx_hal_uart.o(i.HAL_UART_Transmit) for HAL_UART_Transmit
    usart.o(i.fputc) refers to usart.o(.bss) for .bss
    stm32f3xx_it.o(i.SysTick_Handler) refers to stm32f3xx_hal.o(i.HAL_IncTick) for HAL_IncTick
    stm32f3xx_ll_utils.o(i.LL_PLL_ConfigSystemClock_HSE) refers to stm32f3xx_ll_utils.o(i.UTILS_PLL_IsBusy) for UTILS_PLL_IsBusy
    stm32f3xx_ll_utils.o(i.LL_PLL_ConfigSystemClock_HSE) refers to stm32f3xx_ll_utils.o(i.UTILS_GetPLLOutputFrequency) for UTILS_GetPLLOutputFrequency
    stm32f3xx_ll_utils.o(i.LL_PLL_ConfigSystemClock_HSE) refers to stm32f3xx_ll_utils.o(i.LL_RCC_PLL_ConfigDomain_SYS) for LL_RCC_PLL_ConfigDomain_SYS
    stm32f3xx_ll_utils.o(i.LL_PLL_ConfigSystemClock_HSE) refers to stm32f3xx_ll_utils.o(i.UTILS_EnablePLLAndSwitchSystem) for UTILS_EnablePLLAndSwitchSystem
[...]
    Removing stm32f3xx_hal_rcc_ex.o(i.HAL_RCCEx_PeriphCLKConfig), (372 bytes).
    Removing stm32f3xx_hal_rcc_ex.o(i.RCC_GetPLLCLKFreq), (60 bytes).
    Removing stm32f3xx_hal_rcc_ex.o(.constdata), (32 bytes).
    Removing stm32f3xx_hal_gpio.o(.rev16_text), (4 bytes).
    Removing stm32f3xx_hal_gpio.o(.revsh_text), (4 bytes).
    Removing stm32f3xx_hal_gpio.o(.rrx_text), (6 bytes).
    Removing stm32f3xx_hal_gpio.o(i.HAL_GPIO_DeInit), (300 bytes).
    Removing stm32f3xx_hal_gpio.o(i.HAL_GPIO_EXTI_Callback), (2 bytes).
    Removing stm32f3xx_hal_gpio.o(i.HAL_GPIO_EXTI_IRQHandler), (24 bytes).
    Removing stm32f3xx_hal_gpio.o(i.HAL_GPIO_LockPin), (34 bytes).
    Removing stm32f3xx_hal_gpio.o(i.HAL_GPIO_ReadPin), (10 bytes).
    Removing stm32f3xx_hal_gpio.o(i.HAL_GPIO_TogglePin), (16 bytes).
    Removing stm32f3xx_hal_gpio.o(i.HAL_GPIO_WritePin), (10 bytes).
    Removing stm32f3xx_hal_dma.o(.rev16_text), (4 bytes).
    Removing stm32f3xx_hal_dma.o(.revsh_text), (4 bytes).
    Removing stm32f3xx_hal_dma.o(.rrx_text), (6 bytes).
    Removing stm32f3xx_hal_dma.o(i.DMA_CalcBaseAndBitshift), (32 bytes).
    Removing stm32f3xx_hal_dma.o(i.DMA_SetConfig), (42 bytes).
    Removing stm32f3xx_hal_dma.o(i.HAL_DMA_Abort), (70 bytes).
    Removing stm32f3xx_hal_dma.o(i.HAL_DMA_Abort_IT), (74 bytes).
    Removing stm32f3xx_hal_dma.o(i.HAL_DMA_DeInit), (78 bytes).
    Removing stm32f3xx_hal_dma.o(i.HAL_DMA_GetError), (4 bytes).
    Removing stm32f3xx_hal_dma.o(i.HAL_DMA_GetState), (6 bytes).
    Removing stm32f3xx_hal_dma.o(i.HAL_DMA_IRQHandler), (168 bytes).
    Removing stm32f3xx_hal_dma.o(i.HAL_DMA_Init), (78 bytes).
    Removing stm32f3xx_hal_dma.o(i.HAL_DMA_PollForTransfer), (206 bytes).
    Removing stm32f3xx_hal_dma.o(i.HAL_DMA_RegisterCallback), (74 bytes).
    Removing stm32f3xx_hal_dma.o(i.HAL_DMA_Start), (80 bytes).
    Removing stm32f3xx_hal_dma.o(i.HAL_DMA_Start_IT), (112 bytes).
    Removing stm32f3xx_hal_dma.o(i.HAL_DMA_UnRegisterCallback), (82 bytes).
    Removing stm32f3xx_hal_cortex.o(.rev16_text), (4 bytes).
    Removing stm32f3xx_hal_cortex.o(.revsh_text), (4 bytes).
    Removing stm32f3xx_hal_cortex.o(.rrx_text), (6 bytes).
    Removing stm32f3xx_hal_cortex.o(i.HAL_NVIC_ClearPendingIRQ), (26 bytes).
    Removing stm32f3xx_hal_cortex.o(i.HAL_NVIC_DisableIRQ), (34 bytes).
    Removing stm32f3xx_hal_cortex.o(i.HAL_NVIC_EnableIRQ), (26 bytes).
    Removing stm32f3xx_hal_cortex.o(i.HAL_NVIC_GetActive), (36 bytes).
    Removing stm32f3xx_hal_cortex.o(i.HAL_NVIC_GetPendingIRQ), (36 bytes).
    Removing stm32f3xx_hal_cortex.o(i.HAL_NVIC_GetPriority), (82 bytes).
    Removing stm32f3xx_hal_cortex.o(i.HAL_NVIC_GetPriorityGrouping), (16 bytes).
    Removing stm32f3xx_hal_cortex.o(i.HAL_NVIC_SetPendingIRQ), (26 bytes).
    Removing stm32f3xx_hal_cortex.o(i.HAL_NVIC_SystemReset), (36 bytes).
    Removing stm32f3xx_hal_cortex.o(i.HAL_SYSTICK_CLKSourceConfig), (24 bytes).
    Removing stm32f3xx_hal_cortex.o(i.HAL_SYSTICK_Callback), (2 bytes).
    Removing stm32f3xx_hal_cortex.o(i.HAL_SYSTICK_IRQHandler), (8 bytes).
    Removing stm32f3xx_hal_pwr.o(.rev16_text), (4 bytes).
    Removing stm32f3xx_hal_pwr.o(.revsh_text), (4 bytes).
    Removing stm32f3xx_hal_pwr.o(.rrx_text), (6 bytes).
    Removing stm32f3xx_hal_pwr.o(i.HAL_PWR_DeInit), (24 bytes).
    Removing stm32f3xx_hal_pwr.o(i.HAL_PWR_DisableBkUpAccess), (16 bytes).
    Removing stm32f3xx_hal_pwr.o(i.HAL_PWR_DisableSEVOnPend), (16 bytes).
    Removing stm32f3xx_hal_pwr.o(i.HAL_PWR_DisableSleepOnExit), (16 bytes).
    Removing stm32f3xx_hal_pwr.o(i.HAL_PWR_DisableWakeUpPin), (16 bytes).
    Removing stm32f3xx_hal_pwr.o(i.HAL_PWR_EnableBkUpAccess), (16 bytes).
    Removing stm32f3xx_hal_pwr.o(i.HAL_PWR_EnableSEVOnPend), (16 bytes).
    Removing stm32f3xx_hal_pwr.o(i.HAL_PWR_EnableSleepOnExit), (16 bytes).
    Removing stm32f3xx_hal_pwr.o(i.HAL_PWR_EnableWakeUpPin), (16 bytes).
    Removing stm32f3xx_hal_pwr.o(i.HAL_PWR_EnterSLEEPMode), (32 bytes).
    Removing stm32f3xx_hal_pwr.o(i.HAL_PWR_EnterSTANDBYMode), (32 bytes).
    Removing stm32f3xx_hal_pwr.o(i.HAL_PWR_EnterSTOPMode), (56 bytes).
    Removing stm32f3xx_hal_pwr_ex.o(.rev16_text), (4 bytes).
    Removing stm32f3xx_hal_pwr_ex.o(.revsh_text), (4 bytes).
    Removing stm32f3xx_hal_pwr_ex.o(.rrx_text), (6 bytes).
    Removing stm32f3xx_hal_pwr_ex.o(i.HAL_PWR_ConfigPVD), (124 bytes).
    Removing stm32f3xx_hal_pwr_ex.o(i.HAL_PWR_DisablePVD), (16 bytes).
    Removing stm32f3xx_hal_pwr_ex.o(i.HAL_PWR_EnablePVD), (16 bytes).
    Removing stm32f3xx_hal_pwr_ex.o(i.HAL_PWR_PVDCallback), (2 bytes).
    Removing stm32f3xx_hal_pwr_ex.o(i.HAL_PWR_PVD_IRQHandler), (28 bytes).
    Removing stm32f3xx_hal_flash.o(.rev16_text), (4 bytes).
    Removing stm32f3xx_hal_flash.o(.revsh_text), (4 bytes).
    Removing stm32f3xx_hal_flash.o(.rrx_text), (6 bytes).
    Removing stm32f3xx_hal_flash.o(i.FLASH_Program_HalfWord), (28 bytes).
    Removing stm32f3xx_hal_flash.o(i.FLASH_SetErrorCode), (52 bytes).
    Removing stm32f3xx_hal_flash.o(i.FLASH_WaitForLastOperation), (80 bytes).
    Removing stm32f3xx_hal_flash.o(i.HAL_FLASH_EndOfOperationCallback), (2 bytes).
    Removing stm32f3xx_hal_flash.o(i.HAL_FLASH_GetError), (12 bytes).
    Removing stm32f3xx_hal_flash.o(i.HAL_FLASH_IRQHandler), (264 bytes).
    Removing stm32f3xx_hal_flash.o(i.HAL_FLASH_Lock), (20 bytes).
    Removing stm32f3xx_hal_flash.o(i.HAL_FLASH_OB_Launch), (24 bytes).
    Removing stm32f3xx_hal_flash.o(i.HAL_FLASH_OB_Lock), (20 bytes).
    Removing stm32f3xx_hal_flash.o(i.HAL_FLASH_OB_Unlock), (36 bytes).
    Removing stm32f3xx_hal_flash.o(i.HAL_FLASH_OperationErrorCallback), (2 bytes).
    Removing stm32f3xx_hal_flash.o(i.HAL_FLASH_Program), (128 bytes).
    Removing stm32f3xx_hal_flash.o(i.HAL_FLASH_Program_IT), (100 bytes).
    Removing stm32f3xx_hal_flash.o(i.HAL_FLASH_Unlock), (40 bytes).
    Removing stm32f3xx_hal_flash.o(.bss), (32 bytes).
    Removing stm32f3xx_hal_flash_ex.o(.rev16_text), (4 bytes).
    Removing stm32f3xx_hal_flash_ex.o(.revsh_text), (4 bytes).
    Removing stm32f3xx_hal_flash_ex.o(.rrx_text), (6 bytes).
    Removing stm32f3xx_hal_flash_ex.o(i.FLASH_MassErase), (36 bytes).
    Removing stm32f3xx_hal_flash_ex.o(i.FLASH_OB_DisableWRP), (116 bytes).
    Removing stm32f3xx_hal_flash_ex.o(i.FLASH_OB_EnableWRP), (116 bytes).
    Removing stm32f3xx_hal_flash_ex.o(i.FLASH_OB_GetRDP), (32 bytes).
    Removing stm32f3xx_hal_flash_ex.o(i.FLASH_OB_RDP_LevelConfig), (100 bytes).
    Removing stm32f3xx_hal_flash_ex.o(i.FLASH_PageErase), (36 bytes).
    Removing stm32f3xx_hal_flash_ex.o(i.HAL_FLASHEx_Erase), (168 bytes).
    Removing stm32f3xx_hal_flash_ex.o(i.HAL_FLASHEx_Erase_IT), (84 bytes).
    Removing stm32f3xx_hal_flash_ex.o(i.HAL_FLASHEx_OBErase), (84 bytes).
    Removing stm32f3xx_hal_flash_ex.o(i.HAL_FLASHEx_OBGetConfig), (48 bytes).
    Removing stm32f3xx_hal_flash_ex.o(i.HAL_FLASHEx_OBGetUserData), (48 bytes).
    Removing stm32f3xx_hal_flash_ex.o(i.HAL_FLASHEx_OBProgram), (200 bytes).
    Removing stm32f3xx_hal_i2c.o(.rev16_text), (4 bytes).
    Removing stm32f3xx_hal_i2c.o(.revsh_text), (4 bytes).
    Removing stm32f3xx_hal_i2c.o(.rrx_text), (6 bytes).
    Removing stm32f3xx_hal_i2c.o(i.HAL_I2C_AbortCpltCallback), (2 bytes).
    Removing stm32f3xx_hal_i2c.o(i.HAL_I2C_AddrCallback), (2 bytes).
    Removing stm32f3xx_hal_i2c.o(i.HAL_I2C_DeInit), (50 bytes).
    Removing stm32f3xx_hal_i2c.o(i.HAL_I2C_DisableListen_IT), (56 bytes).
    Removing stm32f3xx_hal_i2c.o(i.HAL_I2C_ER_IRQHandler), (104 bytes).
    Removing stm32f3xx_hal_i2c.o(i.HAL_I2C_EV_IRQHandler), (16 bytes).
    Removing stm32f3xx_hal_i2c.o(i.HAL_I2C_EnableListen_IT), (40 bytes).
    Removing stm32f3xx_hal_i2c.o(i.HAL_I2C_ErrorCallback), (2 bytes).
    Removing stm32f3xx_hal_i2c.o(i.HAL_I2C_GetError), (4 bytes).
    Removing stm32f3xx_hal_i2c.o(i.HAL_I2C_GetMode), (6 bytes).
    Removing stm32f3xx_hal_i2c.o(i.HAL_I2C_GetState), (6 bytes).
    Removing stm32f3xx_hal_i2c.o(i.HAL_I2C_Init), (184 bytes).
    Removing stm32f3xx_hal_i2c.o(i.HAL_I2C_IsDeviceReady), (300 bytes).
    Removing stm32f3xx_hal_i2c.o(i.HAL_I2C_ListenCpltCallback), (2 bytes).
    Removing stm32f3xx_hal_i2c.o(i.HAL_I2C_MasterRxCpltCallback), (2 bytes).
    Removing stm32f3xx_hal_i2c.o(i.HAL_I2C_MasterTxCpltCallback), (2 bytes).
    Removing stm32f3xx_hal_i2c.o(i.HAL_I2C_Master_Abort_IT), (124 bytes).
    Removing stm32f3xx_hal_i2c.o(i.HAL_I2C_Master_Receive), (292 bytes).
    Removing stm32f3xx_hal_i2c.o(i.HAL_I2C_Master_Receive_DMA), (304 bytes).
    Removing stm32f3xx_hal_i2c.o(i.HAL_I2C_Master_Receive_IT), (136 bytes).
    Removing stm32f3xx_hal_i2c.o(i.HAL_I2C_Master_Seq_Receive_DMA), (336 bytes).
    Removing stm32f3xx_hal_i2c.o(i.HAL_I2C_Master_Seq_Receive_IT), (164 bytes).
    Removing stm32f3xx_hal_i2c.o(i.HAL_I2C_Master_Seq_Transmit_DMA), (336 bytes).
    Removing stm32f3xx_hal_i2c.o(i.HAL_I2C_Master_Seq_Transmit_IT), (160 bytes).
    Removing stm32f3xx_hal_i2c.o(i.HAL_I2C_Master_Transmit), (292 bytes).
    Removing stm32f3xx_hal_i2c.o(i.HAL_I2C_Master_Transmit_DMA), (304 bytes).
    Removing stm32f3xx_hal_i2c.o(i.HAL_I2C_Master_Transmit_IT), (136 bytes).
    Removing stm32f3xx_hal_i2c.o(i.HAL_I2C_MemRxCpltCallback), (2 bytes).
    Removing stm32f3xx_hal_i2c.o(i.HAL_I2C_MemTxCpltCallback), (2 bytes).
    Removing stm32f3xx_hal_i2c.o(i.HAL_I2C_Mem_Read), (356 bytes).
    Removing stm32f3xx_hal_i2c.o(i.HAL_I2C_Mem_Read_DMA), (268 bytes).
    Removing stm32f3xx_hal_i2c.o(i.HAL_I2C_Mem_Read_IT), (152 bytes).
    Removing stm32f3xx_hal_i2c.o(i.HAL_I2C_Mem_Write), (344 bytes).
    Removing stm32f3xx_hal_i2c.o(i.HAL_I2C_Mem_Write_DMA), (268 bytes).
    Removing stm32f3xx_hal_i2c.o(i.HAL_I2C_Mem_Write_IT), (152 bytes).
    Removing stm32f3xx_hal_i2c.o(i.HAL_I2C_MspDeInit), (2 bytes).
    Removing stm32f3xx_hal_i2c.o(i.HAL_I2C_MspInit), (2 bytes).
    Removing stm32f3xx_hal_i2c.o(i.HAL_I2C_SlaveRxCpltCallback), (2 bytes).
    Removing stm32f3xx_hal_i2c.o(i.HAL_I2C_SlaveTxCpltCallback), (2 bytes).
    Removing stm32f3xx_hal_i2c.o(i.HAL_I2C_Slave_Receive), (314 bytes).
    Removing stm32f3xx_hal_i2c.o(i.HAL_I2C_Slave_Receive_DMA), (224 bytes).
    Removing stm32f3xx_hal_i2c.o(i.HAL_I2C_Slave_Receive_IT), (96 bytes).
    Removing stm32f3xx_hal_i2c.o(i.HAL_I2C_Slave_Seq_Receive_DMA), (372 bytes).
    Removing stm32f3xx_hal_i2c.o(i.HAL_I2C_Slave_Seq_Receive_IT), (208 bytes).
    Removing stm32f3xx_hal_i2c.o(i.HAL_I2C_Slave_Seq_Transmit_DMA), (372 bytes).
    Removing stm32f3xx_hal_i2c.o(i.HAL_I2C_Slave_Seq_Transmit_IT), (208 bytes).
    Removing stm32f3xx_hal_i2c.o(i.HAL_I2C_Slave_Transmit), (346 bytes).
    Removing stm32f3xx_hal_i2c.o(i.HAL_I2C_Slave_Transmit_DMA), (288 bytes).
    Removing stm32f3xx_hal_i2c.o(i.HAL_I2C_Slave_Transmit_IT), (128 bytes).
    Removing stm32f3xx_hal_i2c.o(i.I2C_ConvertOtherXferOptions), (26 bytes).
    Removing stm32f3xx_hal_i2c.o(i.I2C_DMAAbort), (20 bytes).
    Removing stm32f3xx_hal_i2c.o(i.I2C_DMAError), (18 bytes).
    Removing stm32f3xx_hal_i2c.o(i.I2C_DMAMasterReceiveCplt), (82 bytes).
    Removing stm32f3xx_hal_i2c.o(i.I2C_DMAMasterTransmitCplt), (82 bytes).
    Removing stm32f3xx_hal_i2c.o(i.I2C_DMASlaveReceiveCplt), (36 bytes).
    Removing stm32f3xx_hal_i2c.o(i.I2C_DMASlaveTransmitCplt), (30 bytes).
    Removing stm32f3xx_hal_i2c.o(i.I2C_Disable_IRQ), (94 bytes).
    Removing stm32f3xx_hal_i2c.o(i.I2C_Enable_IRQ), (144 bytes).
    Removing stm32f3xx_hal_i2c.o(i.I2C_Flush_TXDR), (34 bytes).
    Removing stm32f3xx_hal_i2c.o(i.I2C_ITAddrCplt), (140 bytes).
    Removing stm32f3xx_hal_i2c.o(i.I2C_ITError), (284 bytes).
    Removing stm32f3xx_hal_i2c.o(i.I2C_ITListenCplt), (100 bytes).
    Removing stm32f3xx_hal_i2c.o(i.I2C_ITMasterCplt), (240 bytes).
    Removing stm32f3xx_hal_i2c.o(i.I2C_ITMasterSeqCplt), (76 bytes).
    Removing stm32f3xx_hal_i2c.o(i.I2C_ITSlaveCplt), (304 bytes).
    Removing stm32f3xx_hal_i2c.o(i.I2C_ITSlaveSeqCplt), (114 bytes).
    Removing stm32f3xx_hal_i2c.o(i.I2C_IsErrorOccurred), (268 bytes).
    Removing stm32f3xx_hal_i2c.o(i.I2C_Master_ISR_DMA), (272 bytes).
    Removing stm32f3xx_hal_i2c.o(i.I2C_Master_ISR_IT), (296 bytes).
    Removing stm32f3xx_hal_i2c.o(i.I2C_Mem_ISR_DMA), (296 bytes).
    Removing stm32f3xx_hal_i2c.o(i.I2C_Mem_ISR_IT), (308 bytes).
    Removing stm32f3xx_hal_i2c.o(i.I2C_RequestMemoryRead), (100 bytes).
    Removing stm32f3xx_hal_i2c.o(i.I2C_RequestMemoryWrite), (100 bytes).
    Removing stm32f3xx_hal_i2c.o(i.I2C_Slave_ISR_DMA), (266 bytes).
    Removing stm32f3xx_hal_i2c.o(i.I2C_Slave_ISR_IT), (288 bytes).
    Removing stm32f3xx_hal_i2c.o(i.I2C_TransferConfig), (48 bytes).
    Removing stm32f3xx_hal_i2c.o(i.I2C_TreatErrorCallback), (42 bytes).
    Removing stm32f3xx_hal_i2c.o(i.I2C_WaitOnFlagUntilTimeout), (108 bytes).
    Removing stm32f3xx_hal_i2c.o(i.I2C_WaitOnRXNEFlagUntilTimeout), (168 bytes).
    Removing stm32f3xx_hal_i2c.o(i.I2C_WaitOnSTOPFlagUntilTimeout), (86 bytes).
    Removing stm32f3xx_hal_i2c.o(i.I2C_WaitOnTXISFlagUntilTimeout), (90 bytes).
    Removing stm32f3xx_hal_i2c_ex.o(.rev16_text), (4 bytes).
    Removing stm32f3xx_hal_i2c_ex.o(.revsh_text), (4 bytes).
    Removing stm32f3xx_hal_i2c_ex.o(.rrx_text), (6 bytes).
    Removing stm32f3xx_hal_i2c_ex.o(i.HAL_I2CEx_ConfigAnalogFilter), (86 bytes).
    Removing stm32f3xx_hal_i2c_ex.o(i.HAL_I2CEx_ConfigDigitalFilter), (82 bytes).
    Removing stm32f3xx_hal_i2c_ex.o(i.HAL_I2CEx_DisableFastModePlus), (40 bytes).
    Removing stm32f3xx_hal_i2c_ex.o(i.HAL_I2CEx_DisableWakeUp), (78 bytes).
    Removing stm32f3xx_hal_i2c_ex.o(i.HAL_I2CEx_EnableFastModePlus), (40 bytes).
    Removing stm32f3xx_hal_i2c_ex.o(i.HAL_I2CEx_EnableWakeUp), (78 bytes).
    Removing stm32f3xx_hal_exti.o(.rev16_text), (4 bytes).
    Removing stm32f3xx_hal_exti.o(.revsh_text), (4 bytes).
    Removing stm32f3xx_hal_exti.o(.rrx_text), (6 bytes).
    Removing stm32f3xx_hal_exti.o(i.HAL_EXTI_ClearConfigLine), (128 bytes).
    Removing stm32f3xx_hal_exti.o(i.HAL_EXTI_ClearPending), (28 bytes).
    Removing stm32f3xx_hal_exti.o(i.HAL_EXTI_GenerateSWI), (28 bytes).
    Removing stm32f3xx_hal_exti.o(i.HAL_EXTI_GetConfigLine), (160 bytes).
    Removing stm32f3xx_hal_exti.o(i.HAL_EXTI_GetHandle), (12 bytes).
    Removing stm32f3xx_hal_exti.o(i.HAL_EXTI_GetPending), (32 bytes).
    Removing stm32f3xx_hal_exti.o(i.HAL_EXTI_IRQHandler), (44 bytes).
    Removing stm32f3xx_hal_exti.o(i.HAL_EXTI_RegisterCallback), (14 bytes).
    Removing stm32f3xx_hal_exti.o(i.HAL_EXTI_SetConfigLine), (176 bytes).
    Removing stm32f3xx_ll_rcc.o(.rev16_text), (4 bytes).
    Removing stm32f3xx_ll_rcc.o(.revsh_text), (4 bytes).
    Removing stm32f3xx_ll_rcc.o(.rrx_text), (6 bytes).
    Removing stm32f3xx_ll_rcc.o(i.LL_RCC_DeInit), (124 bytes).
    Removing stm32f3xx_ll_rcc.o(i.LL_RCC_GetADCClockFreq), (76 bytes).
    Removing stm32f3xx_ll_rcc.o(i.LL_RCC_GetI2CClockFreq), (56 bytes).
    Removing stm32f3xx_ll_rcc.o(i.LL_RCC_GetSystemClocksFreq), (32 bytes).
    Removing stm32f3xx_ll_rcc.o(i.LL_RCC_GetTIMClockFreq), (52 bytes).
    Removing stm32f3xx_ll_rcc.o(i.LL_RCC_GetUSARTClockFreq), (92 bytes).
    Removing stm32f3xx_ll_rcc.o(i.RCC_GetHCLKClockFreq), (28 bytes).
    Removing stm32f3xx_ll_rcc.o(i.RCC_GetPCLK1ClockFreq), (28 bytes).
    Removing stm32f3xx_ll_rcc.o(i.RCC_GetPCLK2ClockFreq), (28 bytes).
    Removing stm32f3xx_ll_rcc.o(i.RCC_GetSystemClockFreq), (36 bytes).
    Removing stm32f3xx_ll_rcc.o(i.RCC_PLL_GetFreqDomain_SYS), (68 bytes).
    Removing stm32f3xx_ll_rcc.o(.constdata), (32 bytes).
    Removing stm32f3xx_hal_tim.o(.rev16_text), (4 bytes).
    Removing stm32f3xx_hal_tim.o(.revsh_text), (4 bytes).
    Removing stm32f3xx_hal_tim.o(.rrx_text), (6 bytes).
    Removing stm32f3xx_hal_tim_ex.o(.rev16_text), (4 bytes).
    Removing stm32f3xx_hal_tim_ex.o(.revsh_text), (4 bytes).
    Removing stm32f3xx_hal_tim_ex.o(.rrx_text), (6 bytes).
    Removing stm32f3xx_ll_tim.o(.rev16_text), (4 bytes).
    Removing stm32f3xx_ll_tim.o(.revsh_text), (4 bytes).
    Removing stm32f3xx_ll_tim.o(.rrx_text), (6 bytes).
    Removing stm32f3xx_ll_tim.o(i.LL_APB1_GRP1_ForceReset), (16 bytes).
    Removing stm32f3xx_ll_tim.o(i.LL_APB1_GRP1_ReleaseReset), (16 bytes).
    Removing stm32f3xx_ll_tim.o(i.LL_APB2_GRP1_ForceReset), (16 bytes).
    Removing stm32f3xx_ll_tim.o(i.LL_APB2_GRP1_ReleaseReset), (16 bytes).
    Removing stm32f3xx_ll_tim.o(i.LL_TIM_BDTR_Init), (100 bytes).
    Removing stm32f3xx_ll_tim.o(i.LL_TIM_BDTR_StructInit), (26 bytes).
    Removing stm32f3xx_ll_tim.o(i.LL_TIM_DeInit), (164 bytes).
    Removing stm32f3xx_ll_tim.o(i.LL_TIM_ENCODER_Init), (100 bytes).
    Removing stm32f3xx_ll_tim.o(i.LL_TIM_ENCODER_StructInit), (28 bytes).
    Removing stm32f3xx_ll_tim.o(i.LL_TIM_HALLSENSOR_Init), (96 bytes).
    Removing stm32f3xx_ll_tim.o(i.LL_TIM_HALLSENSOR_StructInit), (12 bytes).
    Removing stm32f3xx_ll_tim.o(i.LL_TIM_IC_Init), (224 bytes).
    Removing stm32f3xx_ll_tim.o(i.LL_TIM_IC_StructInit), (16 bytes).
    Removing stm32f3xx_ll_tim.o(i.LL_TIM_OC_Init), (756 bytes).
    Removing stm32f3xx_ll_tim.o(i.LL_TIM_OC_StructInit), (20 bytes).
    Removing stm32f3xx_ll_tim.o(i.LL_TIM_StructInit), (16 bytes).
    Removing stm32f3xx_ll_gpio.o(.rev16_text), (4 bytes).
    Removing stm32f3xx_ll_gpio.o(.revsh_text), (4 bytes).
    Removing stm32f3xx_ll_gpio.o(.rrx_text), (6 bytes).
    Removing stm32f3xx_ll_gpio.o(i.LL_AHB1_GRP1_ForceReset), (16 bytes).
    Removing stm32f3xx_ll_gpio.o(i.LL_AHB1_GRP1_ReleaseReset), (16 bytes).
    Removing stm32f3xx_ll_gpio.o(i.LL_GPIO_DeInit), (96 bytes).
    Removing stm32f3xx_ll_gpio.o(i.LL_GPIO_Init), (318 bytes).
    Removing stm32f3xx_ll_gpio.o(i.LL_GPIO_StructInit), (22 bytes).
    Removing stm32f3xx_ll_dma.o(.rev16_text), (4 bytes).
    Removing stm32f3xx_ll_dma.o(.revsh_text), (4 bytes).
    Removing stm32f3xx_ll_dma.o(.rrx_text), (6 bytes).
    Removing stm32f3xx_ll_dma.o(i.LL_DMA_DeInit), (164 bytes).
    Removing stm32f3xx_ll_dma.o(i.LL_DMA_Init), (92 bytes).
    Removing stm32f3xx_ll_dma.o(i.LL_DMA_StructInit), (24 bytes).
    Removing stm32f3xx_ll_dma.o(.constdata), (7 bytes).
    Removing stm32f3xx_hal_uart.o(.rev16_text), (4 bytes).
    Removing stm32f3xx_hal_uart.o(.revsh_text), (4 bytes).
    Removing stm32f3xx_hal_uart.o(.rrx_text), (6 bytes).
    Removing stm32f3xx_hal_uart.o(i.HAL_HalfDuplex_EnableReceiver), (72 bytes).
    Removing stm32f3xx_hal_uart.o(i.HAL_HalfDuplex_EnableTransmitter), (72 bytes).
    Removing stm32f3xx_hal_uart.o(i.HAL_HalfDuplex_Init), (112 bytes).
    Removing stm32f3xx_hal_uart.o(i.HAL_LIN_Init), (136 bytes).
    Removing stm32f3xx_hal_uart.o(i.HAL_LIN_SendBreak), (46 bytes).
    Removing stm32f3xx_hal_uart.o(i.HAL_MultiProcessor_DisableMuteMode), (48 bytes).
    Removing stm32f3xx_hal_uart.o(i.HAL_MultiProcessor_EnableMuteMode), (48 bytes).
    Removing stm32f3xx_hal_uart.o(i.HAL_MultiProcessor_EnterMuteMode), (12 bytes).
    Removing stm32f3xx_hal_uart.o(i.HAL_MultiProcessor_Init), (134 bytes).
    Removing stm32f3xx_hal_uart.o(i.HAL_UARTEx_RxEventCallback), (2 bytes).
    Removing stm32f3xx_hal_uart.o(i.HAL_UART_Abort), (228 bytes).
    Removing stm32f3xx_hal_uart.o(i.HAL_UART_AbortCpltCallback), (2 bytes).
    Removing stm32f3xx_hal_uart.o(i.HAL_UART_AbortReceive), (164 bytes).
    Removing stm32f3xx_hal_uart.o(i.HAL_UART_AbortReceiveCpltCallback), (2 bytes).
    Removing stm32f3xx_hal_uart.o(i.HAL_UART_AbortReceive_IT), (184 bytes).
    Removing stm32f3xx_hal_uart.o(i.HAL_UART_AbortTransmit), (98 bytes).
    Removing stm32f3xx_hal_uart.o(i.HAL_UART_AbortTransmitCpltCallback), (2 bytes).
    Removing stm32f3xx_hal_uart.o(i.HAL_UART_AbortTransmit_IT), (104 bytes).
    Removing stm32f3xx_hal_uart.o(i.HAL_UART_Abort_IT), (264 bytes).
    Removing stm32f3xx_hal_uart.o(i.HAL_UART_DMAPause), (114 bytes).
    Removing stm32f3xx_hal_uart.o(i.HAL_UART_DMAResume), (106 bytes).
    Removing stm32f3xx_hal_uart.o(i.HAL_UART_DMAStop), (142 bytes).
    Removing stm32f3xx_hal_uart.o(i.HAL_UART_DeInit), (66 bytes).
    Removing stm32f3xx_hal_uart.o(i.HAL_UART_DisableReceiverTimeout), (52 bytes).
    Removing stm32f3xx_hal_uart.o(i.HAL_UART_EnableReceiverTimeout), (52 bytes).
    Removing stm32f3xx_hal_uart.o(i.HAL_UART_ErrorCallback), (2 bytes).
    Removing stm32f3xx_hal_uart.o(i.HAL_UART_GetError), (6 bytes).
    Removing stm32f3xx_hal_uart.o(i.HAL_UART_GetState), (12 bytes).
    Removing stm32f3xx_hal_uart.o(i.HAL_UART_IRQHandler), (696 bytes).
    Removing stm32f3xx_hal_uart.o(i.HAL_UART_MspDeInit), (2 bytes).
    Removing stm32f3xx_hal_uart.o(i.HAL_UART_MspInit), (2 bytes).
    Removing stm32f3xx_hal_uart.o(i.HAL_UART_Receive_DMA), (60 bytes).
    Removing stm32f3xx_hal_uart.o(i.HAL_UART_Receive_IT), (60 bytes).
    Removing stm32f3xx_hal_uart.o(i.HAL_UART_ReceiverTimeout_Config), (14 bytes).
    Removing stm32f3xx_hal_uart.o(i.HAL_UART_RxCpltCallback), (2 bytes).
    Removing stm32f3xx_hal_uart.o(i.HAL_UART_RxHalfCpltCallback), (2 bytes).
    Removing stm32f3xx_hal_uart.o(i.HAL_UART_Transmit_DMA), (140 bytes).
    Removing stm32f3xx_hal_uart.o(i.HAL_UART_Transmit_IT), (92 bytes).
    Removing stm32f3xx_hal_uart.o(i.HAL_UART_TxCpltCallback), (2 bytes).
    Removing stm32f3xx_hal_uart.o(i.HAL_UART_TxHalfCpltCallback), (2 bytes).
    Removing stm32f3xx_hal_uart.o(i.UART_DMAAbortOnError), (20 bytes).
    Removing stm32f3xx_hal_uart.o(i.UART_DMAError), (78 bytes).
    Removing stm32f3xx_hal_uart.o(i.UART_DMAReceiveCplt), (130 bytes).
    Removing stm32f3xx_hal_uart.o(i.UART_DMARxAbortCallback), (64 bytes).
    Removing stm32f3xx_hal_uart.o(i.UART_DMARxHalfCplt), (32 bytes).
    Removing stm32f3xx_hal_uart.o(i.UART_DMARxOnlyAbortCallback), (40 bytes).
    Removing stm32f3xx_hal_uart.o(i.UART_DMATransmitCplt), (64 bytes).
    Removing stm32f3xx_hal_uart.o(i.UART_DMATxAbortCallback), (54 bytes).
    Removing stm32f3xx_hal_uart.o(i.UART_DMATxHalfCplt), (10 bytes).
    Removing stm32f3xx_hal_uart.o(i.UART_DMATxOnlyAbortCallback), (20 bytes).
    Removing stm32f3xx_hal_uart.o(i.UART_EndTxTransfer), (24 bytes).
    Removing stm32f3xx_hal_uart.o(i.UART_RxISR_16BIT), (190 bytes).
    Removing stm32f3xx_hal_uart.o(i.UART_RxISR_8BIT), (190 bytes).
    Removing stm32f3xx_hal_uart.o(i.UART_Start_Receive_DMA), (160 bytes).
    Removing stm32f3xx_hal_uart.o(i.UART_Start_Receive_IT), (184 bytes).
    Removing stm32f3xx_hal_uart.o(i.UART_TxISR_16BIT), (80 bytes).
    Removing stm32f3xx_hal_uart.o(i.UART_TxISR_8BIT), (76 bytes).
    Removing stm32f3xx_hal_uart_ex.o(.rev16_text), (4 bytes).
    Removing stm32f3xx_hal_uart_ex.o(.revsh_text), (4 bytes).
    Removing stm32f3xx_hal_uart_ex.o(.rrx_text), (6 bytes).
    Removing stm32f3xx_hal_uart_ex.o(i.HAL_MultiProcessorEx_AddressLength_Set), (46 bytes).
    Removing stm32f3xx_hal_uart_ex.o(i.HAL_RS485Ex_Init), (136 bytes).
    Removing stm32f3xx_hal_uart_ex.o(i.HAL_UARTEx_DisableStopMode), (46 bytes).
    Removing stm32f3xx_hal_uart_ex.o(i.HAL_UARTEx_EnableStopMode), (46 bytes).
    Removing stm32f3xx_hal_uart_ex.o(i.HAL_UARTEx_GetRxEventType), (4 bytes).
    Removing stm32f3xx_hal_uart_ex.o(i.HAL_UARTEx_ReceiveToIdle), (296 bytes).
    Removing stm32f3xx_hal_uart_ex.o(i.HAL_UARTEx_ReceiveToIdle_DMA), (74 bytes).
    Removing stm32f3xx_hal_uart_ex.o(i.HAL_UARTEx_ReceiveToIdle_IT), (74 bytes).
    Removing stm32f3xx_hal_uart_ex.o(i.HAL_UARTEx_StopModeWakeUpSourceConfig), (134 bytes).
    Removing stm32f3xx_hal_uart_ex.o(i.HAL_UARTEx_WakeupCallback), (2 bytes).
    Removing system_stm32f3xx.o(.rev16_text), (4 bytes).
    Removing system_stm32f3xx.o(.revsh_text), (4 bytes).
    Removing system_stm32f3xx.o(.rrx_text), (6 bytes).
    Removing system_stm32f3xx.o(i.SystemCoreClockUpdate), (112 bytes).

437 unused section(s) (total 30229 bytes) removed from the image.

==============================================================================

Image Symbol Table

    Local Symbols

    Symbol Name                              Value     Ov Type        Size  Object(Section)

    ../Drivers/STM32F3xx_HAL_Driver/Src/stm32f3xx_hal.c 0x00000000   Number         0  stm32f3xx_hal.o ABSOLUTE
    ../Drivers/STM32F3xx_HAL_Driver/Src/stm32f3xx_hal_cortex.c 0x00000000   Number         0  stm32f3xx_hal_cortex.o ABSOLUTE
    ../Drivers/STM32F3xx_HAL_Driver/Src/stm32f3xx_hal_crc.c 0x00000000   Number         0  stm32f3xx_hal_crc.o ABSOLUTE
    ../Drivers/STM32F3xx_HAL_Driver/Src/stm32f3xx_hal_crc_ex.c 0x00000000   Number         0  stm32f3xx_hal_crc_ex.o ABSOLUTE
    ../Drivers/STM32F3xx_HAL_Driver/Src/stm32f3xx_hal_dma.c 0x00000000   Number         0  stm32f3xx_hal_dma.o ABSOLUTE
    ../Drivers/STM32F3xx_HAL_Driver/Src/stm32f3xx_hal_exti.c 0x00000000   Number         0  stm32f3xx_hal_exti.o ABSOLUTE
    ../Drivers/STM32F3xx_HAL_Driver/Src/stm32f3xx_hal_flash.c 0x00000000   Number         0  stm32f3xx_hal_flash.o ABSOLUTE
    ../Drivers/STM32F3xx_HAL_Driver/Src/stm32f3xx_hal_flash_ex.c 0x00000000   Number         0  stm32f3xx_hal_flash_ex.o ABSOLUTE
    ../Drivers/STM32F3xx_HAL_Driver/Src/stm32f3xx_hal_gpio.c 0x00000000   Number         0  stm32f3xx_hal_gpio.o ABSOLUTE
    ../Drivers/STM32F3xx_HAL_Driver/Src/stm32f3xx_hal_i2c.c 0x00000000   Number         0  stm32f3xx_hal_i2c.o ABSOLUTE
    ../Drivers/STM32F3xx_HAL_Driver/Src/stm32f3xx_hal_i2c_ex.c 0x00000000   Number         0  stm32f3xx_hal_i2c_ex.o ABSOLUTE
    ../Drivers/STM32F3xx_HAL_Driver/Src/stm32f3xx_hal_pwr.c 0x00000000   Number         0  stm32f3xx_hal_pwr.o ABSOLUTE
    ../Drivers/STM32F3xx_HAL_Driver/Src/stm32f3xx_hal_pwr_ex.c 0x00000000   Number         0  stm32f3xx_hal_pwr_ex.o ABSOLUTE
    ../Drivers/STM32F3xx_HAL_Driver/Src/stm32f3xx_hal_rcc.c 0x00000000   Number         0  stm32f3xx_hal_rcc.o ABSOLUTE
    ../Drivers/STM32F3xx_HAL_Driver/Src/stm32f3xx_hal_rcc_ex.c 0x00000000   Number         0  stm32f3xx_hal_rcc_ex.o ABSOLUTE
    ../Drivers/STM32F3xx_HAL_Driver/Src/stm32f3xx_hal_tim.c 0x00000000   Number         0  stm32f3xx_hal_tim.o ABSOLUTE
    ../Drivers/STM32F3xx_HAL_Driver/Src/stm32f3xx_hal_tim_ex.c 0x00000000   Number         0  stm32f3xx_hal_tim_ex.o ABSOLUTE
    ../Drivers/STM32F3xx_HAL_Driver/Src/stm32f3xx_hal_uart.c 0x00000000   Number         0  stm32f3xx_hal_uart.o ABSOLUTE
    ../Drivers/STM32F3xx_HAL_Driver/Src/stm32f3xx_hal_uart_ex.c 0x00000000   Number         0  stm32f3xx_hal_uart_ex.o ABSOLUTE
    ../Drivers/STM32F3xx_HAL_Driver/Src/stm32f3xx_ll_dma.c 0x00000000   Number         0  stm32f3xx_ll_dma.o ABSOLUTE
    ../Drivers/STM32F3xx_HAL_Driver/Src/stm32f3xx_ll_exti.c 0x00000000   Number         0  stm32f3xx_ll_exti.o ABSOLUTE
    ../Drivers/STM32F3xx_HAL_Driver/Src/stm32f3xx_ll_gpio.c 0x00000000   Number         0  stm32f3xx_ll_gpio.o ABSOLUTE
    ../Drivers/STM32F3xx_HAL_Driver/Src/stm32f3xx_ll_rcc.c 0x00000000   Number         0  stm32f3xx_ll_rcc.o ABSOLUTE
    ../Drivers/STM32F3xx_HAL_Driver/Src/stm32f3xx_ll_tim.c 0x00000000   Number         0  stm32f3xx_ll_tim.o ABSOLUTE
    ../Drivers/STM32F3xx_HAL_Driver/Src/stm32f3xx_ll_utils.c 0x00000000   Number         0  stm32f3xx_ll_utils.o ABSOLUTE
    ../Src/crc.c                             0x00000000   Number         0  crc.o ABSOLUTE
    ../Src/gpio.c                            0x00000000   Number         0  gpio.o ABSOLUTE
    ../Src/main.c                            0x00000000   Number         0  main.o ABSOLUTE
    ../Src/stm32f3xx_hal_msp.c               0x00000000   Number         0  stm32f3xx_hal_msp.o ABSOLUTE
    ../Src/stm32f3xx_it.c                    0x00000000   Number         0  stm32f3xx_it.o ABSOLUTE
    ../Src/system_stm32f3xx.c                0x00000000   Number         0  system_stm32f3xx.o ABSOLUTE
    ../Src/tim.c                             0x00000000   Number         0  tim.o ABSOLUTE
    ../Src/usart.c                           0x00000000   Number         0  usart.o ABSOLUTE
    ../clib/microlib/ctype/ctype.c           0x00000000   Number         0  ctype_c.o ABSOLUTE
    ../clib/microlib/ctype/ctype.c           0x00000000   Number         0  isspace_c.o ABSOLUTE
    ../clib/microlib/division.c              0x00000000   Number         0  uidiv.o ABSOLUTE
    ../clib/microlib/division.c              0x00000000   Number         0  uldiv.o ABSOLUTE
    ../clib/microlib/init/entry.s            0x00000000   Number         0  entry2.o ABSOLUTE
    ../clib/microlib/init/entry.s            0x00000000   Number         0  entry7b.o ABSOLUTE
    ../clib/microlib/init/entry.s            0x00000000   Number         0  entry9b.o ABSOLUTE
    ../clib/microlib/init/entry.s            0x00000000   Number         0  entry8b.o ABSOLUTE
    ../clib/microlib/init/entry.s            0x00000000   Number         0  entry7a.o ABSOLUTE
    ../clib/microlib/init/entry.s            0x00000000   Number         0  entry8a.o ABSOLUTE
    ../clib/microlib/init/entry.s            0x00000000   Number         0  entry.o ABSOLUTE
    ../clib/microlib/init/entry.s            0x00000000   Number         0  entry5.o ABSOLUTE
    ../clib/microlib/init/entry.s            0x00000000   Number         0  entry11b.o ABSOLUTE
    ../clib/microlib/init/entry.s            0x00000000   Number         0  entry9a.o ABSOLUTE
    ../clib/microlib/init/entry.s            0x00000000   Number         0  entry11a.o ABSOLUTE
    ../clib/microlib/init/entry.s            0x00000000   Number         0  entry10b.o ABSOLUTE
    ../clib/microlib/init/entry.s            0x00000000   Number         0  entry10a.o ABSOLUTE
    ../clib/microlib/longlong.c              0x00000000   Number         0  llushr.o ABSOLUTE
    ../clib/microlib/longlong.c              0x00000000   Number         0  llshl.o ABSOLUTE
    ../clib/microlib/longlong.c              0x00000000   Number         0  llsshr.o ABSOLUTE
    ../clib/microlib/printf/printf.c         0x00000000   Number         0  printf0.o ABSOLUTE
    ../clib/microlib/printf/printf.c         0x00000000   Number         0  printf1.o ABSOLUTE
    ../clib/microlib/printf/printf.c         0x00000000   Number         0  printf7.o ABSOLUTE
    ../clib/microlib/printf/printf.c         0x00000000   Number         0  printf2.o ABSOLUTE
    ../clib/microlib/printf/printf.c         0x00000000   Number         0  printf3.o ABSOLUTE
    ../clib/microlib/printf/printf.c         0x00000000   Number         0  printf4.o ABSOLUTE
    ../clib/microlib/printf/printf.c         0x00000000   Number         0  printf5.o ABSOLUTE
    ../clib/microlib/printf/printf.c         0x00000000   Number         0  printf6.o ABSOLUTE
    ../clib/microlib/printf/printf.c         0x00000000   Number         0  printfa.o ABSOLUTE
    ../clib/microlib/printf/printf.c         0x00000000   Number         0  printfb.o ABSOLUTE
    ../clib/microlib/printf/printf.c         0x00000000   Number         0  printf8.o ABSOLUTE
    ../clib/microlib/printf/stubs.s          0x00000000   Number         0  stubs.o ABSOLUTE
    ../clib/microlib/stdio/fgetc.c           0x00000000   Number         0  fgetc_b.o ABSOLUTE
    ../clib/microlib/stdio/semi.s            0x00000000   Number         0  semi.o ABSOLUTE
    ../clib/microlib/stdio/streams.c         0x00000000   Number         0  stdout.o ABSOLUTE
    ../clib/microlib/stdio/streams.c         0x00000000   Number         0  stdin.o ABSOLUTE
    ../clib/microlib/string/memset.c         0x00000000   Number         0  memseta.o ABSOLUTE
    ../clib/microlib/stubs.s                 0x00000000   Number         0  iusesemig.o ABSOLUTE
    ../clib/microlib/stubs.s                 0x00000000   Number         0  iusefp.o ABSOLUTE
    ../clib/scanf.c                          0x00000000   Number         0  _chval.o ABSOLUTE
    ../clib/scanf.c                          0x00000000   Number         0  scanf_char.o ABSOLUTE
    ../clib/scanf.c                          0x00000000   Number         0  scanf_char_file.o ABSOLUTE
    ../clib/scanf.c                          0x00000000   Number         0  scanf_fp.o ABSOLUTE
    ../clib/scanf.c                          0x00000000   Number         0  _scanf_int.o ABSOLUTE
    ../clib/scanf.c                          0x00000000   Number         0  __0scanf.o ABSOLUTE
    ../clib/scanf.c                          0x00000000   Number         0  _scanf.o ABSOLUTE
    ../fplib/microlib/d2f.c                  0x00000000   Number         0  d2f.o ABSOLUTE
    ../fplib/microlib/fpadd.c                0x00000000   Number         0  dadd.o ABSOLUTE
    ../fplib/microlib/fpdiv.c                0x00000000   Number         0  ddiv.o ABSOLUTE
    ../fplib/microlib/fpepilogue.c           0x00000000   Number         0  depilogue.o ABSOLUTE
    ../fplib/microlib/fpepilogue.c           0x00000000   Number         0  fepilogue.o ABSOLUTE
    ../fplib/microlib/fpfix.c                0x00000000   Number         0  dfixul.o ABSOLUTE
    ../fplib/microlib/fpflt.c                0x00000000   Number         0  dfltui.o ABSOLUTE
    ../fplib/microlib/fpflt.c                0x00000000   Number         0  dfltul.o ABSOLUTE
    ../fplib/microlib/fpmul.c                0x00000000   Number         0  dmul.o ABSOLUTE
    ..\Drivers\STM32F3xx_HAL_Driver\Src\stm32f3xx_hal.c 0x00000000   Number         0  stm32f3xx_hal.o ABSOLUTE
    ..\Drivers\STM32F3xx_HAL_Driver\Src\stm32f3xx_hal_cortex.c 0x00000000   Number         0  stm32f3xx_hal_cortex.o ABSOLUTE
    ..\Drivers\STM32F3xx_HAL_Driver\Src\stm32f3xx_hal_crc.c 0x00000000   Number         0  stm32f3xx_hal_crc.o ABSOLUTE
    ..\Drivers\STM32F3xx_HAL_Driver\Src\stm32f3xx_hal_crc_ex.c 0x00000000   Number         0  stm32f3xx_hal_crc_ex.o ABSOLUTE
    ..\Drivers\STM32F3xx_HAL_Driver\Src\stm32f3xx_hal_dma.c 0x00000000   Number         0  stm32f3xx_hal_dma.o ABSOLUTE
    ..\Drivers\STM32F3xx_HAL_Driver\Src\stm32f3xx_hal_exti.c 0x00000000   Number         0  stm32f3xx_hal_exti.o ABSOLUTE
    ..\Drivers\STM32F3xx_HAL_Driver\Src\stm32f3xx_hal_flash.c 0x00000000   Number         0  stm32f3xx_hal_flash.o ABSOLUTE
    ..\Drivers\STM32F3xx_HAL_Driver\Src\stm32f3xx_hal_flash_ex.c 0x00000000   Number         0  stm32f3xx_hal_flash_ex.o ABSOLUTE
    ..\Drivers\STM32F3xx_HAL_Driver\Src\stm32f3xx_hal_gpio.c 0x00000000   Number         0  stm32f3xx_hal_gpio.o ABSOLUTE
    ..\Drivers\STM32F3xx_HAL_Driver\Src\stm32f3xx_hal_i2c.c 0x00000000   Number         0  stm32f3xx_hal_i2c.o ABSOLUTE
    ..\Drivers\STM32F3xx_HAL_Driver\Src\stm32f3xx_hal_i2c_ex.c 0x00000000   Number         0  stm32f3xx_hal_i2c_ex.o ABSOLUTE
    ..\Drivers\STM32F3xx_HAL_Driver\Src\stm32f3xx_hal_pwr.c 0x00000000   Number         0  stm32f3xx_hal_pwr.o ABSOLUTE
    ..\Drivers\STM32F3xx_HAL_Driver\Src\stm32f3xx_hal_pwr_ex.c 0x00000000   Number         0  stm32f3xx_hal_pwr_ex.o ABSOLUTE
    ..\Drivers\STM32F3xx_HAL_Driver\Src\stm32f3xx_hal_rcc.c 0x00000000   Number         0  stm32f3xx_hal_rcc.o ABSOLUTE
    ..\Drivers\STM32F3xx_HAL_Driver\Src\stm32f3xx_hal_rcc_ex.c 0x00000000   Number         0  stm32f3xx_hal_rcc_ex.o ABSOLUTE
    ..\Drivers\STM32F3xx_HAL_Driver\Src\stm32f3xx_hal_tim.c 0x00000000   Number         0  stm32f3xx_hal_tim.o ABSOLUTE
    ..\Drivers\STM32F3xx_HAL_Driver\Src\stm32f3xx_hal_tim_ex.c 0x00000000   Number         0  stm32f3xx_hal_tim_ex.o ABSOLUTE
    ..\Drivers\STM32F3xx_HAL_Driver\Src\stm32f3xx_hal_uart.c 0x00000000   Number         0  stm32f3xx_hal_uart.o ABSOLUTE
    ..\Drivers\STM32F3xx_HAL_Driver\Src\stm32f3xx_hal_uart_ex.c 0x00000000   Number         0  stm32f3xx_hal_uart_ex.o ABSOLUTE
    ..\Drivers\STM32F3xx_HAL_Driver\Src\stm32f3xx_ll_dma.c 0x00000000   Number         0  stm32f3xx_ll_dma.o ABSOLUTE
    ..\Drivers\STM32F3xx_HAL_Driver\Src\stm32f3xx_ll_exti.c 0x00000000   Number         0  stm32f3xx_ll_exti.o ABSOLUTE
    ..\Drivers\STM32F3xx_HAL_Driver\Src\stm32f3xx_ll_gpio.c 0x00000000   Number         0  stm32f3xx_ll_gpio.o ABSOLUTE
    ..\Drivers\STM32F3xx_HAL_Driver\Src\stm32f3xx_ll_rcc.c 0x00000000   Number         0  stm32f3xx_ll_rcc.o ABSOLUTE
    ..\Drivers\STM32F3xx_HAL_Driver\Src\stm32f3xx_ll_tim.c 0x00000000   Number         0  stm32f3xx_ll_tim.o ABSOLUTE
    ..\Drivers\STM32F3xx_HAL_Driver\Src\stm32f3xx_ll_utils.c 0x00000000   Number         0  stm32f3xx_ll_utils.o ABSOLUTE
    ..\Src\crc.c                             0x00000000   Number         0  crc.o ABSOLUTE
    ..\Src\gpio.c                            0x00000000   Number         0  gpio.o ABSOLUTE
    ..\Src\main.c                            0x00000000   Number         0  main.o ABSOLUTE
    ..\Src\stm32f3xx_hal_msp.c               0x00000000   Number         0  stm32f3xx_hal_msp.o ABSOLUTE
    ..\Src\stm32f3xx_it.c                    0x00000000   Number         0  stm32f3xx_it.o ABSOLUTE
    ..\Src\system_stm32f3xx.c                0x00000000   Number         0  system_stm32f3xx.o ABSOLUTE
    ..\Src\tim.c                             0x00000000   Number         0  tim.o ABSOLUTE
    ..\Src\usart.c                           0x00000000   Number         0  usart.o ABSOLUTE
    cdrcmple.s                               0x00000000   Number         0  cdrcmple.o ABSOLUTE
    dc.s                                     0x00000000   Number         0  dc.o ABSOLUTE
    handlers.s                               0x00000000   Number         0  handlers.o ABSOLUTE
    init.s                                   0x00000000   Number         0  init.o ABSOLUTE
    startup_stm32f303x8.s                    0x00000000   Number         0  startup_stm32f303x8.o ABSOLUTE
    RESET                                    0x08000000   Section      392  startup_stm32f303x8.o(RESET)
    .ARM.Collect$$$$00000000                 0x08000188   Section        0  entry.o(.ARM.Collect$$$$00000000)
    .ARM.Collect$$$$00000001                 0x08000188   Section        4  entry2.o(.ARM.Collect$$$$00000001)
    .ARM.Collect$$$$00000004                 0x0800018c   Section        4  entry5.o(.ARM.Collect$$$$00000004)
    .ARM.Collect$$$$00000008                 0x08000190   Section        0  entry7b.o(.ARM.Collect$$$$00000008)
    .ARM.Collect$$$$0000000A                 0x08000190   Section        0  entry8b.o(.ARM.Collect$$$$0000000A)
    .ARM.Collect$$$$0000000B                 0x08000190   Section        8  entry9a.o(.ARM.Collect$$$$0000000B)
    .ARM.Collect$$$$0000000D                 0x08000198   Section        0  entry10a.o(.ARM.Collect$$$$0000000D)
    .ARM.Collect$$$$0000000F                 0x08000198   Section        0  entry11a.o(.ARM.Collect$$$$0000000F)
    .ARM.Collect$$$$00002712                 0x08000198   Section        4  entry2.o(.ARM.Collect$$$$00002712)
    __lit__00000000                          0x08000198   Data           4  entry2.o(.ARM.Collect$$$$00002712)
    .text                                    0x0800019c   Section       36  startup_stm32f303x8.o(.text)
    $v0                                      0x0800019c   Number         0  startup_stm32f303x8.o(.text)
    .text                                    0x080001c0   Section        0  uldiv.o(.text)
    .text                                    0x08000222   Section        0  llushr.o(.text)
    .text                                    0x08000242   Section        0  memseta.o(.text)
    .text                                    0x08000268   Section        0  __0scanf.o(.text)
    .text                                    0x08000288   Section        0  _scanf_int.o(.text)
    .text                                    0x080003d4   Section        0  scanf_fp.o(.text)
    _fp_value                                0x080003d5   Thumb Code   296  scanf_fp.o(.text)
    .text                                    0x08000734   Section        0  dadd.o(.text)
    .text                                    0x08000882   Section        0  ddiv.o(.text)
    .text                                    0x08000960   Section        0  dfltui.o(.text)
    .text                                    0x0800097a   Section        0  uidiv.o(.text)
    .text                                    0x080009a6   Section        0  llshl.o(.text)
    .text                                    0x080009c4   Section        0  llsshr.o(.text)
    .text                                    0x080009e8   Section        0  _chval.o(.text)
    .text                                    0x08000a04   Section        0  scanf_char_file.o(.text)
    .text                                    0x08000a18   Section        0  iusefp.o(.text)
    .text                                    0x08000a18   Section        0  depilogue.o(.text)
    .text                                    0x08000ad2   Section        0  dmul.o(.text)
    .text                                    0x08000bb6   Section        0  dfltul.o(.text)
    .text                                    0x08000bce   Section        0  dfixul.o(.text)
    .text                                    0x08000c00   Section       48  cdrcmple.o(.text)
    .text                                    0x08000c30   Section        0  d2f.o(.text)
    .text                                    0x08000c68   Section       36  init.o(.text)
    .text                                    0x08000c8c   Section        0  fgetc_b.o(.text)
    .text                                    0x08000cb8   Section        0  scanf_char.o(.text)
    _scanf_char_input                        0x08000cb9   Thumb Code    12  scanf_char.o(.text)
    .text                                    0x08000ce0   Section        0  fepilogue.o(.text)
    .text                                    0x08000d4e   Section        0  semi.o(.text)
    .text                                    0x08000d4e   Section        0  isspace_c.o(.text)
    .text                                    0x08000d58   Section        0  _scanf.o(.text)
    .text                                    0x08001084   Section        0  ctype_c.o(.text)
    .text                                    0x08001084   Section        0  iusesemig.o(.text)
    i.BusFault_Handler                       0x080010ac   Section        0  stm32f3xx_it.o(i.BusFault_Handler)
    i.DebugMon_Handler                       0x080010ae   Section        0  stm32f3xx_it.o(i.DebugMon_Handler)
    i.Error_Handler                          0x080010b0   Section        0  main.o(i.Error_Handler)
    i.HAL_CRCEx_Polynomial_Set               0x080010b4   Section        0  stm32f3xx_hal_crc_ex.o(i.HAL_CRCEx_Polynomial_Set)
    i.HAL_CRC_Init                           0x08001108   Section        0  stm32f3xx_hal_crc.o(i.HAL_CRC_Init)
    i.HAL_CRC_MspInit                        0x0800117c   Section        0  crc.o(i.HAL_CRC_MspInit)
    i.HAL_Delay                              0x080011a4   Section        0  stm32f3xx_hal.o(i.HAL_Delay)
    i.HAL_GPIO_Init                          0x080011c8   Section        0  stm32f3xx_hal_gpio.o(i.HAL_GPIO_Init)
    i.HAL_GetTick                            0x080013e8   Section        0  stm32f3xx_hal.o(i.HAL_GetTick)
    i.HAL_IncTick                            0x080013f4   Section        0  stm32f3xx_hal.o(i.HAL_IncTick)
    i.HAL_Init                               0x08001404   Section        0  stm32f3xx_hal.o(i.HAL_Init)
    i.HAL_InitTick                           0x08001428   Section        0  stm32f3xx_hal.o(i.HAL_InitTick)
    i.HAL_MspInit                            0x08001468   Section        0  stm32f3xx_hal_msp.o(i.HAL_MspInit)
    i.HAL_NVIC_SetPriority                   0x08001494   Section        0  stm32f3xx_hal_cortex.o(i.HAL_NVIC_SetPriority)
    i.HAL_NVIC_SetPriorityGrouping           0x080014d4   Section        0  stm32f3xx_hal_cortex.o(i.HAL_NVIC_SetPriorityGrouping)
    i.HAL_RCC_ClockConfig                    0x080014f8   Section        0  stm32f3xx_hal_rcc.o(i.HAL_RCC_ClockConfig)
    i.HAL_RCC_GetPCLK1Freq                   0x08001640   Section        0  stm32f3xx_hal_rcc.o(i.HAL_RCC_GetPCLK1Freq)
    i.HAL_RCC_GetPCLK2Freq                   0x08001670   Section        0  stm32f3xx_hal_rcc.o(i.HAL_RCC_GetPCLK2Freq)
    i.HAL_RCC_GetSysClockFreq                0x080016a0   Section        0  stm32f3xx_hal_rcc.o(i.HAL_RCC_GetSysClockFreq)
    i.HAL_RCC_OscConfig                      0x0800170c   Section        0  stm32f3xx_hal_rcc.o(i.HAL_RCC_OscConfig)
    i.HAL_SYSTICK_Config                     0x08001cd4   Section        0  stm32f3xx_hal_cortex.o(i.HAL_SYSTICK_Config)
    i.HAL_UART_Init                          0x08001cfc   Section        0  stm32f3xx_hal_uart.o(i.HAL_UART_Init)
    i.HAL_UART_MspInit                       0x08001d64   Section        0  usart.o(i.HAL_UART_MspInit)
    i.HAL_UART_Receive                       0x08001dc8   Section        0  stm32f3xx_hal_uart.o(i.HAL_UART_Receive)
    i.HAL_UART_Transmit                      0x08001eb0   Section        0  stm32f3xx_hal_uart.o(i.HAL_UART_Transmit)
    i.HardFault_Handler                      0x08001f54   Section        0  stm32f3xx_it.o(i.HardFault_Handler)
    i.LL_TIM_Init                            0x08001f58   Section        0  stm32f3xx_ll_tim.o(i.LL_TIM_Init)
    i.MX_CRC_Init                            0x08001fdc   Section        0  crc.o(i.MX_CRC_Init)
    i.MX_GPIO_Init                           0x0800200c   Section        0  gpio.o(i.MX_GPIO_Init)
    i.MX_TIM2_Init                           0x08002038   Section        0  tim.o(i.MX_TIM2_Init)
    i.MX_USART2_UART_Init                    0x080020d4   Section        0  usart.o(i.MX_USART2_UART_Init)
    i.MemManage_Handler                      0x08002114   Section        0  stm32f3xx_it.o(i.MemManage_Handler)
    i.NMI_Handler                            0x08002116   Section        0  stm32f3xx_it.o(i.NMI_Handler)
    i.PendSV_Handler                         0x08002118   Section        0  stm32f3xx_it.o(i.PendSV_Handler)
    i.SVC_Handler                            0x0800211a   Section        0  stm32f3xx_it.o(i.SVC_Handler)
    i.SysTick_Handler                        0x0800211c   Section        0  stm32f3xx_it.o(i.SysTick_Handler)
    i.SystemClock_Config                     0x08002120   Section        0  main.o(i.SystemClock_Config)
    i.SystemInit                             0x0800217c   Section        0  system_stm32f3xx.o(i.SystemInit)
    i.TIM2_IRQHandler                        0x0800218c   Section        0  stm32f3xx_it.o(i.TIM2_IRQHandler)
    i.UART_AdvFeatureConfig                  0x0800218e   Section        0  stm32f3xx_hal_uart.o(i.UART_AdvFeatureConfig)
    i.UART_CheckIdleState                    0x08002256   Section        0  stm32f3xx_hal_uart.o(i.UART_CheckIdleState)
    i.UART_EndRxTransfer                     0x080022fe   Section        0  stm32f3xx_hal_uart.o(i.UART_EndRxTransfer)
    UART_EndRxTransfer                       0x080022ff   Thumb Code    76  stm32f3xx_hal_uart.o(i.UART_EndRxTransfer)
    i.UART_SetConfig                         0x0800234c   Section        0  stm32f3xx_hal_uart.o(i.UART_SetConfig)
    i.UART_WaitOnFlagUntilTimeout            0x0800248c   Section        0  stm32f3xx_hal_uart.o(i.UART_WaitOnFlagUntilTimeout)
    i.UsageFault_Handler                     0x08002518   Section        0  stm32f3xx_it.o(i.UsageFault_Handler)
    i.__0printf                              0x0800251c   Section        0  printfa.o(i.__0printf)
    i.__NVIC_SetPriority                     0x0800253c   Section        0  stm32f3xx_hal_cortex.o(i.__NVIC_SetPriority)
    __NVIC_SetPriority                       0x0800253d   Thumb Code    32  stm32f3xx_hal_cortex.o(i.__NVIC_SetPriority)
    i.__scatterload_copy                     0x0800255c   Section       14  handlers.o(i.__scatterload_copy)
    i.__scatterload_null                     0x0800256a   Section        2  handlers.o(i.__scatterload_null)
    i.__scatterload_zeroinit                 0x0800256c   Section       14  handlers.o(i.__scatterload_zeroinit)
    i._fp_digits                             0x0800257c   Section        0  printfa.o(i._fp_digits)
    _fp_digits                               0x0800257d   Thumb Code   366  printfa.o(i._fp_digits)
    i._is_digit                              0x08002700   Section        0  scanf_fp.o(i._is_digit)
    i._printf_core                           0x08002710   Section        0  printfa.o(i._printf_core)
    _printf_core                             0x08002711   Thumb Code  1744  printfa.o(i._printf_core)
    i._printf_post_padding                   0x08002dec   Section        0  printfa.o(i._printf_post_padding)
    _printf_post_padding                     0x08002ded   Thumb Code    36  printfa.o(i._printf_post_padding)
    i._printf_pre_padding                    0x08002e10   Section        0  printfa.o(i._printf_pre_padding)
    _printf_pre_padding                      0x08002e11   Thumb Code    46  printfa.o(i._printf_pre_padding)
    i.fgetc                                  0x08002e40   Section        0  usart.o(i.fgetc)
    i.fputc                                  0x08002e5c   Section        0  usart.o(i.fputc)
    i.getCurrentMicros                       0x08002e74   Section        0  main.o(i.getCurrentMicros)
    i.main                                   0x08002eb8   Section        0  main.o(i.main)
    .constdata                               0x08002fec   Section       32  stm32f3xx_hal_rcc.o(.constdata)
    aPLLMULFactorTable                       0x08002fec   Data          16  stm32f3xx_hal_rcc.o(.constdata)
    aPredivFactorTable                       0x08002ffc   Data          16  stm32f3xx_hal_rcc.o(.constdata)
    .constdata                               0x0800300c   Section       16  system_stm32f3xx.o(.constdata)
    .constdata                               0x0800301c   Section        8  system_stm32f3xx.o(.constdata)
    .constdata                               0x08003024   Section       64  ctype_c.o(.constdata)
    .data                                    0x20000000   Section        8  main.o(.data)
    .data                                    0x20000008   Section       12  stm32f3xx_hal.o(.data)
    .data                                    0x20000014   Section        4  system_stm32f3xx.o(.data)
    .data                                    0x20000018   Section        4  stdin.o(.data)
    .data                                    0x2000001c   Section        4  stdout.o(.data)
    .data                                    0x20000020   Section        3  fgetc_b.o(.data)
    ungetc_sp                                0x20000020   Data           1  fgetc_b.o(.data)
    ungetc_stack                             0x20000021   Data           2  fgetc_b.o(.data)
    .bss                                     0x20000024   Section     5000  main.o(.bss)
    .bss                                     0x200013ac   Section       36  crc.o(.bss)
    .bss                                     0x200013d0   Section      136  usart.o(.bss)
    STACK                                    0x20001458   Section     2048  startup_stm32f303x8.o(STACK)

    Global Symbols

    Symbol Name                              Value     Ov Type        Size  Object(Section)

    BuildAttributes$$THM_ISAv4$E$P$D$K$B$S$7EM$VFPi3$EXTD16$VFPS$VFMA$PE$A:L22UL41UL21$X:L11$S22US41US21$IEEE1$IW$USESV6$~STKCKD$USESV7$~SHL$OTIME$ROPI$EBA8$MICROLIB$REQ8$PRES8$EABIv2 0x00000000   Number         0  anon$$obj.o ABSOLUTE
    __ARM_use_no_argv                        0x00000000   Number         0  main.o ABSOLUTE
    _printf_a                                0x00000000   Number         0  stubs.o ABSOLUTE
    _printf_c                                0x00000000   Number         0  stubs.o ABSOLUTE
    _printf_charcount                        0x00000000   Number         0  stubs.o ABSOLUTE
    _printf_d                                0x00000000   Number         0  stubs.o ABSOLUTE
    _printf_e                                0x00000000   Number         0  stubs.o ABSOLUTE
    _printf_f                                0x00000000   Number         0  stubs.o ABSOLUTE
    _printf_flags                            0x00000000   Number         0  stubs.o ABSOLUTE
    _printf_fp_dec                           0x00000000   Number         0  stubs.o ABSOLUTE
    _printf_fp_hex                           0x00000000   Number         0  stubs.o ABSOLUTE
    _printf_g                                0x00000000   Number         0  stubs.o ABSOLUTE
    _printf_i                                0x00000000   Number         0  stubs.o ABSOLUTE
    _printf_int_dec                          0x00000000   Number         0  stubs.o ABSOLUTE
    _printf_l                                0x00000000   Number         0  stubs.o ABSOLUTE
    _printf_lc                               0x00000000   Number         0  stubs.o ABSOLUTE
    _printf_ll                               0x00000000   Number         0  stubs.o ABSOLUTE
    _printf_lld                              0x00000000   Number         0  stubs.o ABSOLUTE
    _printf_lli                              0x00000000   Number         0  stubs.o ABSOLUTE
    _printf_llo                              0x00000000   Number         0  stubs.o ABSOLUTE
    _printf_llu                              0x00000000   Number         0  stubs.o ABSOLUTE
    _printf_llx                              0x00000000   Number         0  stubs.o ABSOLUTE
    _printf_longlong_dec                     0x00000000   Number         0  stubs.o ABSOLUTE
    _printf_longlong_hex                     0x00000000   Number         0  stubs.o ABSOLUTE
    _printf_longlong_oct                     0x00000000   Number         0  stubs.o ABSOLUTE
    _printf_ls                               0x00000000   Number         0  stubs.o ABSOLUTE
    _printf_mbtowc                           0x00000000   Number         0  stubs.o ABSOLUTE
    _printf_n                                0x00000000   Number         0  stubs.o ABSOLUTE
    _printf_o                                0x00000000   Number         0  stubs.o ABSOLUTE
    _printf_p                                0x00000000   Number         0  stubs.o ABSOLUTE
    _printf_percent                          0x00000000   Number         0  stubs.o ABSOLUTE
    _printf_pre_padding                      0x00000000   Number         0  stubs.o ABSOLUTE
    _printf_return_value                     0x00000000   Number         0  stubs.o ABSOLUTE
    _printf_s                                0x00000000   Number         0  stubs.o ABSOLUTE
    _printf_sizespec                         0x00000000   Number         0  stubs.o ABSOLUTE
    _printf_str                              0x00000000   Number         0  stubs.o ABSOLUTE
    _printf_truncate_signed                  0x00000000   Number         0  stubs.o ABSOLUTE
    _printf_truncate_unsigned                0x00000000   Number         0  stubs.o ABSOLUTE
    _printf_u                                0x00000000   Number         0  stubs.o ABSOLUTE
    _printf_wc                               0x00000000   Number         0  stubs.o ABSOLUTE
    _printf_wctomb                           0x00000000   Number         0  stubs.o ABSOLUTE
    _printf_widthprec                        0x00000000   Number         0  stubs.o ABSOLUTE
    _printf_x                                0x00000000   Number         0  stubs.o ABSOLUTE
    __cpp_initialize__aeabi_                  - Undefined Weak Reference
    __cxa_finalize                            - Undefined Weak Reference
    __decompress                              - Undefined Weak Reference
    _clock_init                               - Undefined Weak Reference
    _microlib_exit                            - Undefined Weak Reference
    _scanf_longlong                           - Undefined Weak Reference
    _scanf_string                             - Undefined Weak Reference
    __Vectors_Size                           0x00000188   Number         0  startup_stm32f303x8.o ABSOLUTE
    __Vectors                                0x08000000   Data           4  startup_stm32f303x8.o(RESET)
    __Vectors_End                            0x08000188   Data           0  startup_stm32f303x8.o(RESET)
    __main                                   0x08000189   Thumb Code     0  entry.o(.ARM.Collect$$$$00000000)
    _main_stk                                0x08000189   Thumb Code     0  entry2.o(.ARM.Collect$$$$00000001)
    _main_scatterload                        0x0800018d   Thumb Code     0  entry5.o(.ARM.Collect$$$$00000004)
    __main_after_scatterload                 0x08000191   Thumb Code     0  entry5.o(.ARM.Collect$$$$00000004)
    _main_clock                              0x08000191   Thumb Code     0  entry7b.o(.ARM.Collect$$$$00000008)
    _main_cpp_init                           0x08000191   Thumb Code     0  entry8b.o(.ARM.Collect$$$$0000000A)
    _main_init                               0x08000191   Thumb Code     0  entry9a.o(.ARM.Collect$$$$0000000B)
    __rt_final_cpp                           0x08000199   Thumb Code     0  entry10a.o(.ARM.Collect$$$$0000000D)
    __rt_final_exit                          0x08000199   Thumb Code     0  entry11a.o(.ARM.Collect$$$$0000000F)
    Reset_Handler                            0x0800019d   Thumb Code     8  startup_stm32f303x8.o(.text)
    ADC1_2_IRQHandler                        0x080001b7   Thumb Code     0  startup_stm32f303x8.o(.text)
    CAN_RX0_IRQHandler                       0x080001b7   Thumb Code     0  startup_stm32f303x8.o(.text)
    CAN_RX1_IRQHandler                       0x080001b7   Thumb Code     0  startup_stm32f303x8.o(.text)
    CAN_SCE_IRQHandler                       0x080001b7   Thumb Code     0  startup_stm32f303x8.o(.text)
    CAN_TX_IRQHandler                        0x080001b7   Thumb Code     0  startup_stm32f303x8.o(.text)
    COMP2_IRQHandler                         0x080001b7   Thumb Code     0  startup_stm32f303x8.o(.text)
    COMP4_6_IRQHandler                       0x080001b7   Thumb Code     0  startup_stm32f303x8.o(.text)
    DMA1_Channel1_IRQHandler                 0x080001b7   Thumb Code     0  startup_stm32f303x8.o(.text)
    DMA1_Channel2_IRQHandler                 0x080001b7   Thumb Code     0  startup_stm32f303x8.o(.text)
    DMA1_Channel3_IRQHandler                 0x080001b7   Thumb Code     0  startup_stm32f303x8.o(.text)
    DMA1_Channel4_IRQHandler                 0x080001b7   Thumb Code     0  startup_stm32f303x8.o(.text)
    DMA1_Channel5_IRQHandler                 0x080001b7   Thumb Code     0  startup_stm32f303x8.o(.text)
    DMA1_Channel6_IRQHandler                 0x080001b7   Thumb Code     0  startup_stm32f303x8.o(.text)
    DMA1_Channel7_IRQHandler                 0x080001b7   Thumb Code     0  startup_stm32f303x8.o(.text)
    EXTI0_IRQHandler                         0x080001b7   Thumb Code     0  startup_stm32f303x8.o(.text)
    EXTI15_10_IRQHandler                     0x080001b7   Thumb Code     0  startup_stm32f303x8.o(.text)
    EXTI1_IRQHandler                         0x080001b7   Thumb Code     0  startup_stm32f303x8.o(.text)
    EXTI2_TSC_IRQHandler                     0x080001b7   Thumb Code     0  startup_stm32f303x8.o(.text)
    EXTI3_IRQHandler                         0x080001b7   Thumb Code     0  startup_stm32f303x8.o(.text)
    EXTI4_IRQHandler                         0x080001b7   Thumb Code     0  startup_stm32f303x8.o(.text)
    EXTI9_5_IRQHandler                       0x080001b7   Thumb Code     0  startup_stm32f303x8.o(.text)
    FLASH_IRQHandler                         0x080001b7   Thumb Code     0  startup_stm32f303x8.o(.text)
    FPU_IRQHandler                           0x080001b7   Thumb Code     0  startup_stm32f303x8.o(.text)
    I2C1_ER_IRQHandler                       0x080001b7   Thumb Code     0  startup_stm32f303x8.o(.text)
    I2C1_EV_IRQHandler                       0x080001b7   Thumb Code     0  startup_stm32f303x8.o(.text)
    PVD_IRQHandler                           0x080001b7   Thumb Code     0  startup_stm32f303x8.o(.text)
    RCC_IRQHandler                           0x080001b7   Thumb Code     0  startup_stm32f303x8.o(.text)
    RTC_Alarm_IRQHandler                     0x080001b7   Thumb Code     0  startup_stm32f303x8.o(.text)
    RTC_WKUP_IRQHandler                      0x080001b7   Thumb Code     0  startup_stm32f303x8.o(.text)
    SPI1_IRQHandler                          0x080001b7   Thumb Code     0  startup_stm32f303x8.o(.text)
    TAMP_STAMP_IRQHandler                    0x080001b7   Thumb Code     0  startup_stm32f303x8.o(.text)
    TIM1_BRK_TIM15_IRQHandler                0x080001b7   Thumb Code     0  startup_stm32f303x8.o(.text)
    TIM1_CC_IRQHandler                       0x080001b7   Thumb Code     0  startup_stm32f303x8.o(.text)
    TIM1_TRG_COM_TIM17_IRQHandler            0x080001b7   Thumb Code     0  startup_stm32f303x8.o(.text)
    TIM1_UP_TIM16_IRQHandler                 0x080001b7   Thumb Code     0  startup_stm32f303x8.o(.text)
    TIM3_IRQHandler                          0x080001b7   Thumb Code     0  startup_stm32f303x8.o(.text)
    TIM6_DAC1_IRQHandler                     0x080001b7   Thumb Code     0  startup_stm32f303x8.o(.text)
    TIM7_DAC2_IRQHandler                     0x080001b7   Thumb Code     0  startup_stm32f303x8.o(.text)
    USART1_IRQHandler                        0x080001b7   Thumb Code     0  startup_stm32f303x8.o(.text)
    USART2_IRQHandler                        0x080001b7   Thumb Code     0  startup_stm32f303x8.o(.text)
    USART3_IRQHandler                        0x080001b7   Thumb Code     0  startup_stm32f303x8.o(.text)
    WWDG_IRQHandler                          0x080001b7   Thumb Code     0  startup_stm32f303x8.o(.text)
    __aeabi_uldivmod                         0x080001c1   Thumb Code    98  uldiv.o(.text)
    __aeabi_llsr                             0x08000223   Thumb Code    32  llushr.o(.text)
    _ll_ushift_r                             0x08000223   Thumb Code     0  llushr.o(.text)
    __aeabi_memset                           0x08000243   Thumb Code    14  memseta.o(.text)
    __aeabi_memset4                          0x08000243   Thumb Code     0  memseta.o(.text)
    __aeabi_memset8                          0x08000243   Thumb Code     0  memseta.o(.text)
    __aeabi_memclr                           0x08000251   Thumb Code     4  memseta.o(.text)
    __aeabi_memclr4                          0x08000251   Thumb Code     0  memseta.o(.text)
    __aeabi_memclr8                          0x08000251   Thumb Code     0  memseta.o(.text)
    _memset$wrapper                          0x08000255   Thumb Code    18  memseta.o(.text)
    __0scanf                                 0x08000269   Thumb Code    26  __0scanf.o(.text)
    _scanf_int                               0x08000289   Thumb Code   332  _scanf_int.o(.text)
    _scanf_real                              0x080004fd   Thumb Code     0  scanf_fp.o(.text)
    _scanf_really_real                       0x080004fd   Thumb Code   556  scanf_fp.o(.text)
    __aeabi_dadd                             0x08000735   Thumb Code   322  dadd.o(.text)
    __aeabi_dsub                             0x08000877   Thumb Code     6  dadd.o(.text)
    __aeabi_drsub                            0x0800087d   Thumb Code     6  dadd.o(.text)
    __aeabi_ddiv                             0x08000883   Thumb Code   222  ddiv.o(.text)
    __aeabi_ui2d                             0x08000961   Thumb Code    26  dfltui.o(.text)
    __aeabi_uidiv                            0x0800097b   Thumb Code     0  uidiv.o(.text)
    __aeabi_uidivmod                         0x0800097b   Thumb Code    44  uidiv.o(.text)
    __aeabi_llsl                             0x080009a7   Thumb Code    30  llshl.o(.text)
    _ll_shift_l                              0x080009a7   Thumb Code     0  llshl.o(.text)
    __aeabi_lasr                             0x080009c5   Thumb Code    36  llsshr.o(.text)
    _ll_sshift_r                             0x080009c5   Thumb Code     0  llsshr.o(.text)
    _chval                                   0x080009e9   Thumb Code    28  _chval.o(.text)
    __vfscanf_char_file                      0x08000a05   Thumb Code    12  scanf_char_file.o(.text)
    __I$use$fp                               0x08000a19   Thumb Code     0  iusefp.o(.text)
    _double_round                            0x08000a19   Thumb Code    30  depilogue.o(.text)
    _double_epilogue                         0x08000a37   Thumb Code   156  depilogue.o(.text)
    __aeabi_dmul                             0x08000ad3   Thumb Code   228  dmul.o(.text)
    __aeabi_ul2d                             0x08000bb7   Thumb Code    24  dfltul.o(.text)
    __aeabi_d2ulz                            0x08000bcf   Thumb Code    48  dfixul.o(.text)
    __aeabi_cdrcmple                         0x08000c01   Thumb Code    48  cdrcmple.o(.text)
    __aeabi_d2f                              0x08000c31   Thumb Code    56  d2f.o(.text)
    __scatterload                            0x08000c69   Thumb Code    28  init.o(.text)
    __scatterload_rt2                        0x08000c69   Thumb Code     0  init.o(.text)
    _fgetc$bs                                0x08000c8d   Thumb Code    28  fgetc_b.o(.text)
    __backspace                              0x08000ca9   Thumb Code    10  fgetc_b.o(.text)
    __vfscanf_char                           0x08000cc5   Thumb Code    20  scanf_char.o(.text)
    _float_round                             0x08000ce1   Thumb Code    18  fepilogue.o(.text)
    _float_epilogue                          0x08000cf3   Thumb Code    92  fepilogue.o(.text)
    __semihosting_library_function           0x08000d4f   Thumb Code     0  semi.o(.text)
    isspace                                  0x08000d4f   Thumb Code    10  isspace_c.o(.text)
    __vfscanf                                0x08000d59   Thumb Code   808  _scanf.o(.text)
    __I$use$semihosting$fgetc                0x08001085   Thumb Code     0  iusesemig.o(.text)
    __ctype_lookup                           0x08001085   Thumb Code    34  ctype_c.o(.text)
    BusFault_Handler                         0x080010ad   Thumb Code     2  stm32f3xx_it.o(i.BusFault_Handler)
    DebugMon_Handler                         0x080010af   Thumb Code     2  stm32f3xx_it.o(i.DebugMon_Handler)
    Error_Handler                            0x080010b1   Thumb Code     4  main.o(i.Error_Handler)
    HAL_CRCEx_Polynomial_Set                 0x080010b5   Thumb Code    84  stm32f3xx_hal_crc_ex.o(i.HAL_CRCEx_Polynomial_Set)
    HAL_CRC_Init                             0x08001109   Thumb Code   112  stm32f3xx_hal_crc.o(i.HAL_CRC_Init)
    HAL_CRC_MspInit                          0x0800117d   Thumb Code    30  crc.o(i.HAL_CRC_MspInit)
    HAL_Delay                                0x080011a5   Thumb Code    32  stm32f3xx_hal.o(i.HAL_Delay)
    HAL_GPIO_Init                            0x080011c9   Thumb Code   518  stm32f3xx_hal_gpio.o(i.HAL_GPIO_Init)
    HAL_GetTick                              0x080013e9   Thumb Code     6  stm32f3xx_hal.o(i.HAL_GetTick)
    HAL_IncTick                              0x080013f5   Thumb Code    12  stm32f3xx_hal.o(i.HAL_IncTick)
    HAL_Init                                 0x08001405   Thumb Code    32  stm32f3xx_hal.o(i.HAL_Init)
    HAL_InitTick                             0x08001429   Thumb Code    54  stm32f3xx_hal.o(i.HAL_InitTick)
    HAL_MspInit                              0x08001469   Thumb Code    38  stm32f3xx_hal_msp.o(i.HAL_MspInit)
    HAL_NVIC_SetPriority                     0x08001495   Thumb Code    60  stm32f3xx_hal_cortex.o(i.HAL_NVIC_SetPriority)
    HAL_NVIC_SetPriorityGrouping             0x080014d5   Thumb Code    26  stm32f3xx_hal_cortex.o(i.HAL_NVIC_SetPriorityGrouping)
    HAL_RCC_ClockConfig                      0x080014f9   Thumb Code   308  stm32f3xx_hal_rcc.o(i.HAL_RCC_ClockConfig)
    HAL_RCC_GetPCLK1Freq                     0x08001641   Thumb Code    34  stm32f3xx_hal_rcc.o(i.HAL_RCC_GetPCLK1Freq)
    HAL_RCC_GetPCLK2Freq                     0x08001671   Thumb Code    34  stm32f3xx_hal_rcc.o(i.HAL_RCC_GetPCLK2Freq)
    HAL_RCC_GetSysClockFreq                  0x080016a1   Thumb Code    92  stm32f3xx_hal_rcc.o(i.HAL_RCC_GetSysClockFreq)
    HAL_RCC_OscConfig                        0x0800170d   Thumb Code  1480  stm32f3xx_hal_rcc.o(i.HAL_RCC_OscConfig)
    HAL_SYSTICK_Config                       0x08001cd5   Thumb Code    40  stm32f3xx_hal_cortex.o(i.HAL_SYSTICK_Config)
    HAL_UART_Init                            0x08001cfd   Thumb Code   102  stm32f3xx_hal_uart.o(i.HAL_UART_Init)
    HAL_UART_MspInit                         0x08001d65   Thumb Code    92  usart.o(i.HAL_UART_MspInit)
    HAL_UART_Receive                         0x08001dc9   Thumb Code   232  stm32f3xx_hal_uart.o(i.HAL_UART_Receive)
    HAL_UART_Transmit                        0x08001eb1   Thumb Code   164  stm32f3xx_hal_uart.o(i.HAL_UART_Transmit)
    HardFault_Handler                        0x08001f55   Thumb Code     2  stm32f3xx_it.o(i.HardFault_Handler)
    LL_TIM_Init                              0x08001f59   Thumb Code   112  stm32f3xx_ll_tim.o(i.LL_TIM_Init)
    MX_CRC_Init                              0x08001fdd   Thumb Code    40  crc.o(i.MX_CRC_Init)
    MX_GPIO_Init                             0x0800200d   Thumb Code    38  gpio.o(i.MX_GPIO_Init)
    MX_TIM2_Init                             0x08002039   Thumb Code   138  tim.o(i.MX_TIM2_Init)
    MX_USART2_UART_Init                      0x080020d5   Thumb Code    56  usart.o(i.MX_USART2_UART_Init)
    MemManage_Handler                        0x08002115   Thumb Code     2  stm32f3xx_it.o(i.MemManage_Handler)
    NMI_Handler                              0x08002117   Thumb Code     2  stm32f3xx_it.o(i.NMI_Handler)
    PendSV_Handler                           0x08002119   Thumb Code     2  stm32f3xx_it.o(i.PendSV_Handler)
    SVC_Handler                              0x0800211b   Thumb Code     2  stm32f3xx_it.o(i.SVC_Handler)
    SysTick_Handler                          0x0800211d   Thumb Code     4  stm32f3xx_it.o(i.SysTick_Handler)
    SystemClock_Config                       0x08002121   Thumb Code    92  main.o(i.SystemClock_Config)
    SystemInit                               0x0800217d   Thumb Code    12  system_stm32f3xx.o(i.SystemInit)
    TIM2_IRQHandler                          0x0800218d   Thumb Code     2  stm32f3xx_it.o(i.TIM2_IRQHandler)
    UART_AdvFeatureConfig                    0x0800218f   Thumb Code   200  stm32f3xx_hal_uart.o(i.UART_AdvFeatureConfig)
    UART_CheckIdleState                      0x08002257   Thumb Code   168  stm32f3xx_hal_uart.o(i.UART_CheckIdleState)
    UART_SetConfig                           0x0800234d   Thumb Code   296  stm32f3xx_hal_uart.o(i.UART_SetConfig)
    UART_WaitOnFlagUntilTimeout              0x0800248d   Thumb Code   140  stm32f3xx_hal_uart.o(i.UART_WaitOnFlagUntilTimeout)
    UsageFault_Handler                       0x08002519   Thumb Code     2  stm32f3xx_it.o(i.UsageFault_Handler)
    __0printf                                0x0800251d   Thumb Code    22  printfa.o(i.__0printf)
    __1printf                                0x0800251d   Thumb Code     0  printfa.o(i.__0printf)
    __2printf                                0x0800251d   Thumb Code     0  printfa.o(i.__0printf)
    __c89printf                              0x0800251d   Thumb Code     0  printfa.o(i.__0printf)
    printf                                   0x0800251d   Thumb Code     0  printfa.o(i.__0printf)
    __scatterload_copy                       0x0800255d   Thumb Code    14  handlers.o(i.__scatterload_copy)
    __scatterload_null                       0x0800256b   Thumb Code     2  handlers.o(i.__scatterload_null)
    __scatterload_zeroinit                   0x0800256d   Thumb Code    14  handlers.o(i.__scatterload_zeroinit)
    _is_digit                                0x08002701   Thumb Code    14  scanf_fp.o(i._is_digit)
    fgetc                                    0x08002e41   Thumb Code    22  usart.o(i.fgetc)
    fputc                                    0x08002e5d   Thumb Code    20  usart.o(i.fputc)
    getCurrentMicros                         0x08002e75   Thumb Code    68  main.o(i.getCurrentMicros)
    main                                     0x08002eb9   Thumb Code   254  main.o(i.main)
    AHBPrescTable                            0x0800300c   Data          16  system_stm32f3xx.o(.constdata)
    APBPrescTable                            0x0800301c   Data           8  system_stm32f3xx.o(.constdata)
    __ctype_categories                       0x08003024   Data          64  ctype_c.o(.constdata)
    Region$$Table$$Base                      0x08003064   Number         0  anon$$obj.o(Region$$Table)
    Region$$Table$$Limit                     0x08003084   Number         0  anon$$obj.o(Region$$Table)
    result                                   0x20000000   Data           8  main.o(.data)
    uwTickFreq                               0x20000008   Data           1  stm32f3xx_hal.o(.data)
    uwTickPrio                               0x2000000c   Data           4  stm32f3xx_hal.o(.data)
    uwTick                                   0x20000010   Data           4  stm32f3xx_hal.o(.data)
    SystemCoreClock                          0x20000014   Data           4  system_stm32f3xx.o(.data)
    __stdin                                  0x20000018   Data           4  stdin.o(.data)
    __stdout                                 0x2000001c   Data           4  stdout.o(.data)
    input                                    0x20000024   Data        5000  main.o(.bss)
    hcrc                                     0x200013ac   Data          36  crc.o(.bss)
    huart2                                   0x200013d0   Data         136  usart.o(.bss)
    __initial_sp                             0x20001c58   Data           0  startup_stm32f303x8.o(STACK)



==============================================================================

Memory Map of the image

  Image Entry point : 0x08000189

  Load Region LR_IROM1 (Base: 0x08000000, Size: 0x000030a8, Max: 0x00010000, ABSOLUTE)

    Execution Region ER_IROM1 (Exec base: 0x08000000, Load base: 0x08000000, Size: 0x00003084, Max: 0x00010000, ABSOLUTE)

    Exec Addr    Load Addr    Size         Type   Attr      Idx    E Section Name        Object

    0x08000000   0x08000000   0x00000188   Data   RO            3    RESET               startup_stm32f303x8.o
    0x08000188   0x08000188   0x00000000   Code   RO         3066  * .ARM.Collect$$$$00000000  mc_w.l(entry.o)
    0x08000188   0x08000188   0x00000004   Code   RO         3350    .ARM.Collect$$$$00000001  mc_w.l(entry2.o)
    0x0800018c   0x0800018c   0x00000004   Code   RO         3353    .ARM.Collect$$$$00000004  mc_w.l(entry5.o)
    0x08000190   0x08000190   0x00000000   Code   RO         3355    .ARM.Collect$$$$00000008  mc_w.l(entry7b.o)
    0x08000190   0x08000190   0x00000000   Code   RO         3357    .ARM.Collect$$$$0000000A  mc_w.l(entry8b.o)
    0x08000190   0x08000190   0x00000008   Code   RO         3358    .ARM.Collect$$$$0000000B  mc_w.l(entry9a.o)
    0x08000198   0x08000198   0x00000000   Code   RO         3360    .ARM.Collect$$$$0000000D  mc_w.l(entry10a.o)
    0x08000198   0x08000198   0x00000000   Code   RO         3362    .ARM.Collect$$$$0000000F  mc_w.l(entry11a.o)
    0x08000198   0x08000198   0x00000004   Code   RO         3351    .ARM.Collect$$$$00002712  mc_w.l(entry2.o)
    0x0800019c   0x0800019c   0x00000024   Code   RO            4    .text               startup_stm32f303x8.o
    0x080001c0   0x080001c0   0x00000062   Code   RO         3069    .text               mc_w.l(uldiv.o)
    0x08000222   0x08000222   0x00000020   Code   RO         3071    .text               mc_w.l(llushr.o)
    0x08000242   0x08000242   0x00000024   Code   RO         3073    .text               mc_w.l(memseta.o)
    0x08000266   0x08000266   0x00000002   PAD
    0x08000268   0x08000268   0x00000020   Code   RO         3336    .text               mc_w.l(__0scanf.o)
    0x08000288   0x08000288   0x0000014c   Code   RO         3338    .text               mc_w.l(_scanf_int.o)
    0x080003d4   0x080003d4   0x00000360   Code   RO         3340    .text               mc_w.l(scanf_fp.o)
    0x08000734   0x08000734   0x0000014e   Code   RO         3344    .text               mf_w.l(dadd.o)
    0x08000882   0x08000882   0x000000de   Code   RO         3346    .text               mf_w.l(ddiv.o)
    0x08000960   0x08000960   0x0000001a   Code   RO         3348    .text               mf_w.l(dfltui.o)
    0x0800097a   0x0800097a   0x0000002c   Code   RO         3366    .text               mc_w.l(uidiv.o)
    0x080009a6   0x080009a6   0x0000001e   Code   RO         3368    .text               mc_w.l(llshl.o)
    0x080009c4   0x080009c4   0x00000024   Code   RO         3370    .text               mc_w.l(llsshr.o)
    0x080009e8   0x080009e8   0x0000001c   Code   RO         3372    .text               mc_w.l(_chval.o)
    0x08000a04   0x08000a04   0x00000014   Code   RO         3374    .text               mc_w.l(scanf_char_file.o)
    0x08000a18   0x08000a18   0x00000000   Code   RO         3376    .text               mc_w.l(iusefp.o)
    0x08000a18   0x08000a18   0x000000ba   Code   RO         3377    .text               mf_w.l(depilogue.o)
    0x08000ad2   0x08000ad2   0x000000e4   Code   RO         3379    .text               mf_w.l(dmul.o)
    0x08000bb6   0x08000bb6   0x00000018   Code   RO         3381    .text               mf_w.l(dfltul.o)
    0x08000bce   0x08000bce   0x00000030   Code   RO         3383    .text               mf_w.l(dfixul.o)
    0x08000bfe   0x08000bfe   0x00000002   PAD
    0x08000c00   0x08000c00   0x00000030   Code   RO         3385    .text               mf_w.l(cdrcmple.o)
    0x08000c30   0x08000c30   0x00000038   Code   RO         3387    .text               mf_w.l(d2f.o)
    0x08000c68   0x08000c68   0x00000024   Code   RO         3389    .text               mc_w.l(init.o)
    0x08000c8c   0x08000c8c   0x0000002c   Code   RO         3391    .text               mc_w.l(fgetc_b.o)
    0x08000cb8   0x08000cb8   0x00000028   Code   RO         3394    .text               mc_w.l(scanf_char.o)
    0x08000ce0   0x08000ce0   0x0000006e   Code   RO         3396    .text               mf_w.l(fepilogue.o)
    0x08000d4e   0x08000d4e   0x00000000   Code   RO         3398    .text               mc_w.l(semi.o)
    0x08000d4e   0x08000d4e   0x0000000a   Code   RO         3399    .text               mc_w.l(isspace_c.o)
    0x08000d58   0x08000d58   0x0000032c   Code   RO         3401    .text               mc_w.l(_scanf.o)
    0x08001084   0x08001084   0x00000000   Code   RO         3403    .text               mc_w.l(iusesemig.o)
    0x08001084   0x08001084   0x00000028   Code   RO         3404    .text               mc_w.l(ctype_c.o)
    0x080010ac   0x080010ac   0x00000002   Code   RO          364    i.BusFault_Handler  stm32f3xx_it.o
    0x080010ae   0x080010ae   0x00000002   Code   RO          365    i.DebugMon_Handler  stm32f3xx_it.o
    0x080010b0   0x080010b0   0x00000004   Code   RO           13    i.Error_Handler     main.o
    0x080010b4   0x080010b4   0x00000054   Code   RO          663    i.HAL_CRCEx_Polynomial_Set  stm32f3xx_hal_crc_ex.o
    0x08001108   0x08001108   0x00000074   Code   RO          597    i.HAL_CRC_Init      stm32f3xx_hal_crc.o
    0x0800117c   0x0800117c   0x00000028   Code   RO          231    i.HAL_CRC_MspInit   crc.o
    0x080011a4   0x080011a4   0x00000024   Code   RO          704    i.HAL_Delay         stm32f3xx_hal.o
    0x080011c8   0x080011c8   0x00000220   Code   RO         1020    i.HAL_GPIO_Init     stm32f3xx_hal_gpio.o
    0x080013e8   0x080013e8   0x0000000c   Code   RO          708    i.HAL_GetTick       stm32f3xx_hal.o
    0x080013f4   0x080013f4   0x00000010   Code   RO          714    i.HAL_IncTick       stm32f3xx_hal.o
    0x08001404   0x08001404   0x00000024   Code   RO          715    i.HAL_Init          stm32f3xx_hal.o
    0x08001428   0x08001428   0x00000040   Code   RO          716    i.HAL_InitTick      stm32f3xx_hal.o
    0x08001468   0x08001468   0x0000002c   Code   RO          445    i.HAL_MspInit       stm32f3xx_hal_msp.o
    0x08001494   0x08001494   0x00000040   Code   RO         1191    i.HAL_NVIC_SetPriority  stm32f3xx_hal_cortex.o
    0x080014d4   0x080014d4   0x00000024   Code   RO         1192    i.HAL_NVIC_SetPriorityGrouping  stm32f3xx_hal_cortex.o
    0x080014f8   0x080014f8   0x00000148   Code   RO          872    i.HAL_RCC_ClockConfig  stm32f3xx_hal_rcc.o
    0x08001640   0x08001640   0x00000030   Code   RO          879    i.HAL_RCC_GetPCLK1Freq  stm32f3xx_hal_rcc.o
    0x08001670   0x08001670   0x00000030   Code   RO          880    i.HAL_RCC_GetPCLK2Freq  stm32f3xx_hal_rcc.o
    0x080016a0   0x080016a0   0x0000006c   Code   RO          881    i.HAL_RCC_GetSysClockFreq  stm32f3xx_hal_rcc.o
    0x0800170c   0x0800170c   0x000005c8   Code   RO          884    i.HAL_RCC_OscConfig  stm32f3xx_hal_rcc.o
    0x08001cd4   0x08001cd4   0x00000028   Code   RO         1196    i.HAL_SYSTICK_Config  stm32f3xx_hal_cortex.o
    0x08001cfc   0x08001cfc   0x00000066   Code   RO         2590    i.HAL_UART_Init     stm32f3xx_hal_uart.o
    0x08001d62   0x08001d62   0x00000002   PAD
    0x08001d64   0x08001d64   0x00000064   Code   RO          307    i.HAL_UART_MspInit  usart.o
    0x08001dc8   0x08001dc8   0x000000e8   Code   RO         2593    i.HAL_UART_Receive  stm32f3xx_hal_uart.o
    0x08001eb0   0x08001eb0   0x000000a4   Code   RO         2599    i.HAL_UART_Transmit  stm32f3xx_hal_uart.o
    0x08001f54   0x08001f54   0x00000002   Code   RO          366    i.HardFault_Handler  stm32f3xx_it.o
    0x08001f56   0x08001f56   0x00000002   PAD
    0x08001f58   0x08001f58   0x00000084   Code   RO         2359    i.LL_TIM_Init       stm32f3xx_ll_tim.o
    0x08001fdc   0x08001fdc   0x00000030   Code   RO          232    i.MX_CRC_Init       crc.o
    0x0800200c   0x0800200c   0x0000002c   Code   RO          203    i.MX_GPIO_Init      gpio.o
    0x08002038   0x08002038   0x0000009c   Code   RO          272    i.MX_TIM2_Init      tim.o
    0x080020d4   0x080020d4   0x00000040   Code   RO          308    i.MX_USART2_UART_Init  usart.o
    0x08002114   0x08002114   0x00000002   Code   RO          367    i.MemManage_Handler  stm32f3xx_it.o
    0x08002116   0x08002116   0x00000002   Code   RO          368    i.NMI_Handler       stm32f3xx_it.o
    0x08002118   0x08002118   0x00000002   Code   RO          369    i.PendSV_Handler    stm32f3xx_it.o
    0x0800211a   0x0800211a   0x00000002   Code   RO          370    i.SVC_Handler       stm32f3xx_it.o
    0x0800211c   0x0800211c   0x00000004   Code   RO          371    i.SysTick_Handler   stm32f3xx_it.o
    0x08002120   0x08002120   0x0000005c   Code   RO           14    i.SystemClock_Config  main.o
    0x0800217c   0x0800217c   0x00000010   Code   RO         3032    i.SystemInit        system_stm32f3xx.o
    0x0800218c   0x0800218c   0x00000002   Code   RO          372    i.TIM2_IRQHandler   stm32f3xx_it.o
    0x0800218e   0x0800218e   0x000000c8   Code   RO         2604    i.UART_AdvFeatureConfig  stm32f3xx_hal_uart.o
    0x08002256   0x08002256   0x000000a8   Code   RO         2605    i.UART_CheckIdleState  stm32f3xx_hal_uart.o
    0x080022fe   0x080022fe   0x0000004c   Code   RO         2616    i.UART_EndRxTransfer  stm32f3xx_hal_uart.o
    0x0800234a   0x0800234a   0x00000002   PAD
    0x0800234c   0x0800234c   0x00000140   Code   RO         2620    i.UART_SetConfig    stm32f3xx_hal_uart.o
    0x0800248c   0x0800248c   0x0000008c   Code   RO         2625    i.UART_WaitOnFlagUntilTimeout  stm32f3xx_hal_uart.o
    0x08002518   0x08002518   0x00000002   Code   RO          373    i.UsageFault_Handler  stm32f3xx_it.o
    0x0800251a   0x0800251a   0x00000002   PAD
    0x0800251c   0x0800251c   0x00000020   Code   RO         3308    i.__0printf         mc_w.l(printfa.o)
    0x0800253c   0x0800253c   0x00000020   Code   RO         1198    i.__NVIC_SetPriority  stm32f3xx_hal_cortex.o
    0x0800255c   0x0800255c   0x0000000e   Code   RO         3409    i.__scatterload_copy  mc_w.l(handlers.o)
    0x0800256a   0x0800256a   0x00000002   Code   RO         3410    i.__scatterload_null  mc_w.l(handlers.o)
    0x0800256c   0x0800256c   0x0000000e   Code   RO         3411    i.__scatterload_zeroinit  mc_w.l(handlers.o)
    0x0800257a   0x0800257a   0x00000002   PAD
    0x0800257c   0x0800257c   0x00000184   Code   RO         3315    i._fp_digits        mc_w.l(printfa.o)
    0x08002700   0x08002700   0x0000000e   Code   RO         3342    i._is_digit         mc_w.l(scanf_fp.o)
    0x0800270e   0x0800270e   0x00000002   PAD
    0x08002710   0x08002710   0x000006dc   Code   RO         3316    i._printf_core      mc_w.l(printfa.o)
    0x08002dec   0x08002dec   0x00000024   Code   RO         3317    i._printf_post_padding  mc_w.l(printfa.o)
    0x08002e10   0x08002e10   0x0000002e   Code   RO         3318    i._printf_pre_padding  mc_w.l(printfa.o)
    0x08002e3e   0x08002e3e   0x00000002   PAD
    0x08002e40   0x08002e40   0x0000001c   Code   RO          309    i.fgetc             usart.o
    0x08002e5c   0x08002e5c   0x00000018   Code   RO          310    i.fputc             usart.o
    0x08002e74   0x08002e74   0x00000044   Code   RO           15    i.getCurrentMicros  main.o
    0x08002eb8   0x08002eb8   0x00000134   Code   RO           16    i.main              main.o
    0x08002fec   0x08002fec   0x00000020   Data   RO          885    .constdata          stm32f3xx_hal_rcc.o
    0x0800300c   0x0800300c   0x00000010   Data   RO         3033    .constdata          system_stm32f3xx.o
    0x0800301c   0x0800301c   0x00000008   Data   RO         3034    .constdata          system_stm32f3xx.o
    0x08003024   0x08003024   0x00000040   Data   RO         3405    .constdata          mc_w.l(ctype_c.o)
    0x08003064   0x08003064   0x00000020   Data   RO         3407    Region$$Table       anon$$obj.o


    Execution Region RW_IRAM2 (Exec base: 0x10000000, Load base: 0x080030a8, Size: 0x00000000, Max: 0x00001000, ABSOLUTE)

    **** No section assigned to this execution region ****


    Execution Region RW_IRAM1 (Exec base: 0x20000000, Load base: 0x08003084, Size: 0x00001c58, Max: 0x00003000, ABSOLUTE)

    Exec Addr    Load Addr    Size         Type   Attr      Idx    E Section Name        Object

    0x20000000   0x08003084   0x00000008   Data   RW           18    .data               main.o
    0x20000008   0x0800308c   0x0000000c   Data   RW          722    .data               stm32f3xx_hal.o
    0x20000014   0x08003098   0x00000004   Data   RW         3035    .data               system_stm32f3xx.o
    0x20000018   0x0800309c   0x00000004   Data   RW         3364    .data               mc_w.l(stdin.o)
    0x2000001c   0x080030a0   0x00000004   Data   RW         3365    .data               mc_w.l(stdout.o)
    0x20000020   0x080030a4   0x00000003   Data   RW         3392    .data               mc_w.l(fgetc_b.o)
    0x20000023   0x080030a7   0x00000001   PAD
    0x20000024        -       0x00001388   Zero   RW           17    .bss                main.o
    0x200013ac        -       0x00000024   Zero   RW          233    .bss                crc.o
    0x200013d0        -       0x00000088   Zero   RW          311    .bss                usart.o
    0x20001458        -       0x00000800   Zero   RW            1    STACK               startup_stm32f303x8.o


==============================================================================

Image component sizes


      Code (inc. data)   RO Data    RW Data    ZI Data      Debug   Object Name

        88         18          0          0         36       1587   crc.o
        44          6          0          0          0        819   gpio.o
       472         54          0          8       5000     477950   main.o
        36          8        392          0       2048        856   startup_stm32f303x8.o
       164         28          0         12          0      14709   stm32f3xx_hal.o
       172         14          0          0          0      31670   stm32f3xx_hal_cortex.o
       116          4          0          0          0       1199   stm32f3xx_hal_crc.o
        84          0          0          0          0       1315   stm32f3xx_hal_crc_ex.o
       544         26          0          0          0       1660   stm32f3xx_hal_gpio.o
        44          6          0          0          0        870   stm32f3xx_hal_msp.o
      2012         76         32          0          0       5904   stm32f3xx_hal_rcc.o
      1402         44          0          0          0       8412   stm32f3xx_hal_uart.o
        22          0          0          0          0       4764   stm32f3xx_it.o
       132         20          0          0          0      38814   stm32f3xx_ll_tim.o
        16          4         24          4          0       1167   system_stm32f3xx.o
       156         18          0          0          0      62818   tim.o
       216         26          0          0        136       4106   usart.o

    ----------------------------------------------------------------------
      5728        352        480         24       7220     658620   Object Totals
         0          0         32          0          0          0   (incl. Generated)
         8          0          0          0          0          0   (incl. Padding)

    ----------------------------------------------------------------------

      Code (inc. data)   RO Data    RW Data    ZI Data      Debug   Library Member Name

        32          6          0          0          0         84   __0scanf.o
        28          0          0          0          0         68   _chval.o
       812          4          0          0          0        112   _scanf.o
       332          0          0          0          0         96   _scanf_int.o
        40          6         64          0          0         68   ctype_c.o
         0          0          0          0          0          0   entry.o
         0          0          0          0          0          0   entry10a.o
         0          0          0          0          0          0   entry11a.o
         8          4          0          0          0          0   entry2.o
         4          0          0          0          0          0   entry5.o
         0          0          0          0          0          0   entry7b.o
         0          0          0          0          0          0   entry8b.o
         8          4          0          0          0          0   entry9a.o
        44          6          0          3          0        144   fgetc_b.o
        30          0          0          0          0          0   handlers.o
        36          8          0          0          0         68   init.o
        10          0          0          0          0         68   isspace_c.o
         0          0          0          0          0          0   iusefp.o
         0          0          0          0          0          0   iusesemig.o
        30          0          0          0          0         68   llshl.o
        36          0          0          0          0         68   llsshr.o
        32          0          0          0          0         68   llushr.o
        36          0          0          0          0        108   memseta.o
      2258         90          0          0          0        452   printfa.o
        40          8          0          0          0         84   scanf_char.o
        20          8          0          0          0         68   scanf_char_file.o
       878         12          0          0          0        216   scanf_fp.o
         0          0          0          0          0          0   semi.o
         0          0          0          4          0          0   stdin.o
         0          0          0          4          0          0   stdout.o
        44          0          0          0          0         80   uidiv.o
        98          0          0          0          0         92   uldiv.o
        48          0          0          0          0         68   cdrcmple.o
        56          0          0          0          0         88   d2f.o
       334          0          0          0          0        148   dadd.o
       222          0          0          0          0        100   ddiv.o
       186          0          0          0          0        176   depilogue.o
        48          0          0          0          0         68   dfixul.o
        26          0          0          0          0         76   dfltui.o
        24          0          0          0          0         76   dfltul.o
       228          0          0          0          0         96   dmul.o
       110          0          0          0          0        168   fepilogue.o

    ----------------------------------------------------------------------
      6148        156         64         12          0       3076   Library Totals
        10          0          0          1          0          0   (incl. Padding)

    ----------------------------------------------------------------------

      Code (inc. data)   RO Data    RW Data    ZI Data      Debug   Library Name

      4856        156         64         11          0       2012   mc_w.l
      1282          0          0          0          0       1064   mf_w.l

    ----------------------------------------------------------------------
      6148        156         64         12          0       3076   Library Totals

    ----------------------------------------------------------------------

==============================================================================


      Code (inc. data)   RO Data    RW Data    ZI Data      Debug   

     11876        508        544         36       7220     655988   Grand Totals
     11876        508        544         36       7220     655988   ELF Image Totals
     11876        508        544         36          0          0   ROM Totals

==============================================================================

    Total RO  Size (Code + RO Data)                12420 (  12.13kB)
    Total RW  Size (RW Data + ZI Data)              7256 (   7.09kB)
    Total ROM Size (Code + RO Data + RW Data)      12456 (  12.16kB)

==============================================================================

